Copyright 1986-2022 Xilinx, Inc. All Rights Reserved. Copyright 2022-2025 Advanced Micro Devices, Inc. All Rights Reserved.
---------------------------------------------------------------------------------------------------------------------------------------------
| Tool Version : Vivado v.2025.2 (win64) Build 6299465 Fri Nov 14 19:35:11 GMT 2025
| Date         : Mon Jun  8 16:21:57 2026
| Host         : DESKTOP-H73H9I1 running 64-bit major release  (build 9200)
| Command      : upgrade_ip
| Device       : xc7k70tfbg676-1
---------------------------------------------------------------------------------------------------------------------------------------------

Upgrade Log for IP 'cpu_hdmi_system_fir_coeff_bank_axi_0_2'

1. Summary
----------

SUCCESS in the upgrade of cpu_hdmi_system_fir_coeff_bank_axi_0_2 (xilinx.com:user:fir_coeff_bank_axi:1.0) from (Rev. 2) to (Rev. 3)






Copyright 1986-2022 Xilinx, Inc. All Rights Reserved. Copyright 2022-2025 Advanced Micro Devices, Inc. All Rights Reserved.
---------------------------------------------------------------------------------------------------------------------------------------------
| Tool Version : Vivado v.2025.2 (win64) Build 6299465 Fri Nov 14 19:35:11 GMT 2025
| Date         : Mon Jun  8 15:42:07 2026
| Host         : DESKTOP-H73H9I1 running 64-bit major release  (build 9200)
| Command      : upgrade_ip
| Device       : xc7k70tfbg676-1
---------------------------------------------------------------------------------------------------------------------------------------------

Upgrade Log for IP 'cpu_hdmi_system_fir_coeff_bank_axi_0_2'

1. Summary
----------

SUCCESS in the update of cpu_hdmi_system_fir_coeff_bank_axi_0_2 (xilinx.com:user:fir_coeff_bank_axi:1.0 (Rev. 2)) to current project options.

