
*** Running vivado
    with args -log cpu_hdmi_system_dlmb_v10_0.vds -m64 -product Vivado -mode batch -messageDb vivado.pb -notrace -source cpu_hdmi_system_dlmb_v10_0.tcl



****** Vivado v2025.2 (64-bit)
  **** SW Build 6299465 on Fri Nov 14 19:35:11 GMT 2025
  **** IP Build 6300035 on Fri Nov 14 10:48:45 MST 2025
  **** SharedData Build 6298862 on Thu Nov 13 04:50:51 MST 2025
  **** Start of session at: Sat Jun  6 22:50:06 2026
    ** Copyright 1986-2022 Xilinx, Inc. All Rights Reserved.
    ** Copyright 2022-2025 Advanced Micro Devices, Inc. All Rights Reserved.

source cpu_hdmi_system_dlmb_v10_0.tcl -notrace
create_project: Time (s): cpu = 00:00:29 ; elapsed = 00:00:33 . Memory (MB): peak = 525.367 ; gain = 222.770
INFO: [IP_Flow 19-234] Refreshing IP repositories
INFO: [IP_Flow 19-1700] Loaded user IP repository 'c:/Users/Balazs/Desktop/MSC1/FPGA/homework/ip_repo/fir_coeff_bank_axi_1_0'.
INFO: [IP_Flow 19-2313] Loaded Vivado IP repository 'C:/AMDDesignTools/2025.2/Vivado/data/ip'.
Command: synth_design -top cpu_hdmi_system_dlmb_v10_0 -part xc7k70tfbg676-1 -incremental_mode off -mode out_of_context
Starting synth_design
Attempting to get a license for feature 'Synthesis' and/or device 'xc7k70t'
INFO: [Common 17-349] Got license for feature 'Synthesis' and/or device 'xc7k70t'
INFO: [Device 21-403] Loading part xc7k70tfbg676-1
INFO: [Synth 8-7079] Multithreading enabled for synth_design using a maximum of 2 processes.
INFO: [Synth 8-7078] Launching helper process for spawning children vivado processes
INFO: [Synth 8-7075] Helper process launched with PID 25932
---------------------------------------------------------------------------------
Starting RTL Elaboration : Time (s): cpu = 00:00:20 ; elapsed = 00:00:32 . Memory (MB): peak = 1258.891 ; gain = 541.184
---------------------------------------------------------------------------------
INFO: [Synth 8-638] synthesizing module 'cpu_hdmi_system_dlmb_v10_0' [c:/Users/Balazs/Desktop/MSC1/FPGA/homework/HDMI_FIR_Homework.gen/sources_1/bd/cpu_hdmi_system/ip/cpu_hdmi_system_dlmb_v10_0/synth/cpu_hdmi_system_dlmb_v10_0.vhd:89]
	Parameter C_LMB_NUM_SLAVES bound to: 1 - type: integer 
	Parameter C_LMB_DWIDTH bound to: 32 - type: integer 
	Parameter C_LMB_AWIDTH bound to: 32 - type: integer 
	Parameter C_LMB_PROTOCOL bound to: 0 - type: integer 
	Parameter C_LMB_HAS_PROT bound to: 0 - type: integer 
	Parameter C_EXT_RESET_HIGH bound to: 1 - type: integer 
INFO: [Synth 8-3491] module 'lmb_v10' declared at 'c:/Users/Balazs/Desktop/MSC1/FPGA/homework/HDMI_FIR_Homework.gen/sources_1/bd/cpu_hdmi_system/ipshared/dac4/hdl/lmb_v10_v3_0_vh_rfs.vhd:91' bound to instance 'U0' of component 'lmb_v10' [c:/Users/Balazs/Desktop/MSC1/FPGA/homework/HDMI_FIR_Homework.gen/sources_1/bd/cpu_hdmi_system/ip/cpu_hdmi_system_dlmb_v10_0/synth/cpu_hdmi_system_dlmb_v10_0.vhd:172]
INFO: [Synth 8-638] synthesizing module 'lmb_v10' [c:/Users/Balazs/Desktop/MSC1/FPGA/homework/HDMI_FIR_Homework.gen/sources_1/bd/cpu_hdmi_system/ipshared/dac4/hdl/lmb_v10_v3_0_vh_rfs.vhd:143]
INFO: [Synth 8-3491] module 'FDS' declared at 'C:/AMDDesignTools/2025.2/Vivado/scripts/rt/data/unisim_comp.v:49519' bound to instance 'POR_FF_I' of component 'FDS' [c:/Users/Balazs/Desktop/MSC1/FPGA/homework/HDMI_FIR_Homework.gen/sources_1/bd/cpu_hdmi_system/ipshared/dac4/hdl/lmb_v10_v3_0_vh_rfs.vhd:173]
INFO: [Synth 8-6157] synthesizing module 'FDS' [C:/AMDDesignTools/2025.2/Vivado/scripts/rt/data/unisim_comp.v:49519]
INFO: [Synth 8-6155] done synthesizing module 'FDS' (0#1) [C:/AMDDesignTools/2025.2/Vivado/scripts/rt/data/unisim_comp.v:49519]
INFO: [Synth 8-256] done synthesizing module 'lmb_v10' (0#1) [c:/Users/Balazs/Desktop/MSC1/FPGA/homework/HDMI_FIR_Homework.gen/sources_1/bd/cpu_hdmi_system/ipshared/dac4/hdl/lmb_v10_v3_0_vh_rfs.vhd:143]
INFO: [Synth 8-256] done synthesizing module 'cpu_hdmi_system_dlmb_v10_0' (0#1) [c:/Users/Balazs/Desktop/MSC1/FPGA/homework/HDMI_FIR_Homework.gen/sources_1/bd/cpu_hdmi_system/ip/cpu_hdmi_system_dlmb_v10_0/synth/cpu_hdmi_system_dlmb_v10_0.vhd:89]
---------------------------------------------------------------------------------
Finished RTL Elaboration : Time (s): cpu = 00:00:26 ; elapsed = 00:00:41 . Memory (MB): peak = 1382.434 ; gain = 664.727
---------------------------------------------------------------------------------
---------------------------------------------------------------------------------
Start Handling Custom Attributes
---------------------------------------------------------------------------------
---------------------------------------------------------------------------------
Finished Handling Custom Attributes : Time (s): cpu = 00:00:26 ; elapsed = 00:00:42 . Memory (MB): peak = 1382.434 ; gain = 664.727
---------------------------------------------------------------------------------
---------------------------------------------------------------------------------
Finished RTL Optimization Phase 1 : Time (s): cpu = 00:00:26 ; elapsed = 00:00:42 . Memory (MB): peak = 1382.434 ; gain = 664.727
---------------------------------------------------------------------------------
Netlist sorting complete. Time (s): cpu = 00:00:00 ; elapsed = 00:00:00.015 . Memory (MB): peak = 1382.434 ; gain = 0.000
INFO: [Netlist 29-17] Analyzing 1 Unisim elements for replacement
INFO: [Netlist 29-28] Unisim Transformation completed in 0 CPU seconds
INFO: [Project 1-570] Preparing netlist for logic optimization

Processing XDC Constraints
Initializing timing engine
Parsing XDC File [c:/Users/Balazs/Desktop/MSC1/FPGA/homework/HDMI_FIR_Homework.gen/sources_1/bd/cpu_hdmi_system/ip/cpu_hdmi_system_dlmb_v10_0/cpu_hdmi_system_dlmb_v10_0_ooc.xdc] for cell 'U0'
Finished Parsing XDC File [c:/Users/Balazs/Desktop/MSC1/FPGA/homework/HDMI_FIR_Homework.gen/sources_1/bd/cpu_hdmi_system/ip/cpu_hdmi_system_dlmb_v10_0/cpu_hdmi_system_dlmb_v10_0_ooc.xdc] for cell 'U0'
Parsing XDC File [C:/Users/Balazs/Desktop/MSC1/FPGA/homework/HDMI_FIR_Homework.runs/cpu_hdmi_system_dlmb_v10_0_synth_1/dont_touch.xdc]
Finished Parsing XDC File [C:/Users/Balazs/Desktop/MSC1/FPGA/homework/HDMI_FIR_Homework.runs/cpu_hdmi_system_dlmb_v10_0_synth_1/dont_touch.xdc]
Completed Processing XDC Constraints

Netlist sorting complete. Time (s): cpu = 00:00:00 ; elapsed = 00:00:00 . Memory (MB): peak = 1382.434 ; gain = 0.000
INFO: [Project 1-111] Unisim Transformation Summary:
  A total of 1 instances were transformed.
  FDS => FDSE: 1 instance 

Constraint Validation Runtime : Time (s): cpu = 00:00:00 ; elapsed = 00:00:00.093 . Memory (MB): peak = 1382.434 ; gain = 0.000
INFO: [Designutils 20-5008] Incremental synthesis strategy off
---------------------------------------------------------------------------------
Finished Constraint Validation : Time (s): cpu = 00:00:55 ; elapsed = 00:01:18 . Memory (MB): peak = 1382.434 ; gain = 664.727
---------------------------------------------------------------------------------
---------------------------------------------------------------------------------
Start Loading Part and Timing Information
---------------------------------------------------------------------------------
Loading part: xc7k70tfbg676-1
---------------------------------------------------------------------------------
Finished Loading Part and Timing Information : Time (s): cpu = 00:00:55 ; elapsed = 00:01:18 . Memory (MB): peak = 1382.434 ; gain = 664.727
---------------------------------------------------------------------------------
---------------------------------------------------------------------------------
Start Applying 'set_property' XDC Constraints
---------------------------------------------------------------------------------
---------------------------------------------------------------------------------
Finished applying 'set_property' XDC Constraints : Time (s): cpu = 00:00:55 ; elapsed = 00:01:18 . Memory (MB): peak = 1382.434 ; gain = 664.727
---------------------------------------------------------------------------------
---------------------------------------------------------------------------------
Finished RTL Optimization Phase 2 : Time (s): cpu = 00:00:56 ; elapsed = 00:01:19 . Memory (MB): peak = 1382.434 ; gain = 664.727
---------------------------------------------------------------------------------
---------------------------------------------------------------------------------
Start RTL Component Statistics 
---------------------------------------------------------------------------------
Detailed RTL Component Info : 
---------------------------------------------------------------------------------
Finished RTL Component Statistics 
---------------------------------------------------------------------------------
---------------------------------------------------------------------------------
Start Part Resource Summary
---------------------------------------------------------------------------------
Part Resources:
DSPs: 240 (col length:80)
BRAMs: 270 (col length: RAMB18 80 RAMB36 40)
---------------------------------------------------------------------------------
Finished Part Resource Summary
---------------------------------------------------------------------------------
---------------------------------------------------------------------------------
Start Cross Boundary and Area Optimization
---------------------------------------------------------------------------------
---------------------------------------------------------------------------------
Finished Cross Boundary and Area Optimization : Time (s): cpu = 00:01:04 ; elapsed = 00:01:31 . Memory (MB): peak = 1382.434 ; gain = 664.727
---------------------------------------------------------------------------------
---------------------------------------------------------------------------------
Start Applying XDC Timing Constraints
---------------------------------------------------------------------------------
---------------------------------------------------------------------------------
Finished Applying XDC Timing Constraints : Time (s): cpu = 00:01:22 ; elapsed = 00:01:59 . Memory (MB): peak = 1552.117 ; gain = 834.410
---------------------------------------------------------------------------------
---------------------------------------------------------------------------------
Start Timing Optimization
---------------------------------------------------------------------------------
---------------------------------------------------------------------------------
Finished Timing Optimization : Time (s): cpu = 00:01:22 ; elapsed = 00:01:59 . Memory (MB): peak = 1552.117 ; gain = 834.410
---------------------------------------------------------------------------------
---------------------------------------------------------------------------------
Start Technology Mapping
---------------------------------------------------------------------------------
---------------------------------------------------------------------------------
Finished Technology Mapping : Time (s): cpu = 00:01:22 ; elapsed = 00:01:59 . Memory (MB): peak = 1561.703 ; gain = 843.996
---------------------------------------------------------------------------------
---------------------------------------------------------------------------------
Start IO Insertion
---------------------------------------------------------------------------------
---------------------------------------------------------------------------------
Start Flattening Before IO Insertion
---------------------------------------------------------------------------------
---------------------------------------------------------------------------------
Finished Flattening Before IO Insertion
---------------------------------------------------------------------------------
---------------------------------------------------------------------------------
Start Final Netlist Cleanup
---------------------------------------------------------------------------------
---------------------------------------------------------------------------------
Finished Final Netlist Cleanup
---------------------------------------------------------------------------------
---------------------------------------------------------------------------------
Finished IO Insertion : Time (s): cpu = 00:01:47 ; elapsed = 00:02:41 . Memory (MB): peak = 1811.625 ; gain = 1093.918
---------------------------------------------------------------------------------
---------------------------------------------------------------------------------
Start Renaming Generated Instances
---------------------------------------------------------------------------------
---------------------------------------------------------------------------------
Finished Renaming Generated Instances : Time (s): cpu = 00:01:47 ; elapsed = 00:02:41 . Memory (MB): peak = 1811.625 ; gain = 1093.918
---------------------------------------------------------------------------------
---------------------------------------------------------------------------------
Start Rebuilding User Hierarchy
---------------------------------------------------------------------------------
---------------------------------------------------------------------------------
Finished Rebuilding User Hierarchy : Time (s): cpu = 00:01:47 ; elapsed = 00:02:41 . Memory (MB): peak = 1811.625 ; gain = 1093.918
---------------------------------------------------------------------------------
---------------------------------------------------------------------------------
Start Renaming Generated Ports
---------------------------------------------------------------------------------
---------------------------------------------------------------------------------
Finished Renaming Generated Ports : Time (s): cpu = 00:01:47 ; elapsed = 00:02:41 . Memory (MB): peak = 1811.625 ; gain = 1093.918
---------------------------------------------------------------------------------
---------------------------------------------------------------------------------
Start Handling Custom Attributes
---------------------------------------------------------------------------------
---------------------------------------------------------------------------------
Finished Handling Custom Attributes : Time (s): cpu = 00:01:47 ; elapsed = 00:02:42 . Memory (MB): peak = 1811.625 ; gain = 1093.918
---------------------------------------------------------------------------------
---------------------------------------------------------------------------------
Start Renaming Generated Nets
---------------------------------------------------------------------------------
---------------------------------------------------------------------------------
Finished Renaming Generated Nets : Time (s): cpu = 00:01:47 ; elapsed = 00:02:42 . Memory (MB): peak = 1811.625 ; gain = 1093.918
---------------------------------------------------------------------------------
---------------------------------------------------------------------------------
Start Writing Synthesis Report
---------------------------------------------------------------------------------

Report BlackBoxes: 
+-+--------------+----------+
| |BlackBox name |Instances |
+-+--------------+----------+
+-+--------------+----------+

Report Cell Usage: 
+------+-----+------+
|      |Cell |Count |
+------+-----+------+
|1     |FDS  |     1|
+------+-----+------+
---------------------------------------------------------------------------------
Finished Writing Synthesis Report : Time (s): cpu = 00:01:47 ; elapsed = 00:02:42 . Memory (MB): peak = 1811.625 ; gain = 1093.918
---------------------------------------------------------------------------------
Synthesis finished with 0 errors, 0 critical warnings and 0 warnings.
Synthesis Optimization Runtime : Time (s): cpu = 00:01:15 ; elapsed = 00:02:44 . Memory (MB): peak = 1811.625 ; gain = 1093.918
Synthesis Optimization Complete : Time (s): cpu = 00:01:48 ; elapsed = 00:02:52 . Memory (MB): peak = 1811.625 ; gain = 1093.918
INFO: [Project 1-571] Translating synthesized netlist
Netlist sorting complete. Time (s): cpu = 00:00:00 ; elapsed = 00:00:00.022 . Memory (MB): peak = 1811.625 ; gain = 0.000
INFO: [Netlist 29-17] Analyzing 1 Unisim elements for replacement
INFO: [Netlist 29-28] Unisim Transformation completed in 0 CPU seconds
INFO: [Project 1-570] Preparing netlist for logic optimization
INFO: [Opt 31-138] Pushed 0 inverter(s) to 0 load pin(s).
Netlist sorting complete. Time (s): cpu = 00:00:00 ; elapsed = 00:00:00 . Memory (MB): peak = 1824.676 ; gain = 0.000
INFO: [Project 1-111] Unisim Transformation Summary:
  A total of 1 instances were transformed.
  FDS => FDSE: 1 instance 

Synth Design complete | Checksum: 26f1c173
INFO: [Common 17-83] Releasing license: Synthesis
28 Infos, 0 Warnings, 0 Critical Warnings and 0 Errors encountered.
synth_design completed successfully
synth_design: Time (s): cpu = 00:02:01 ; elapsed = 00:03:20 . Memory (MB): peak = 1824.676 ; gain = 1281.520
INFO: [Common 17-1381] The checkpoint 'C:/Users/Balazs/Desktop/MSC1/FPGA/homework/HDMI_FIR_Homework.runs/cpu_hdmi_system_dlmb_v10_0_synth_1/cpu_hdmi_system_dlmb_v10_0.dcp' has been generated.
INFO: [Coretcl 2-1648] Added synthesis output to IP cache for IP cpu_hdmi_system_dlmb_v10_0, cache-ID = 0e5e4dac04c7e76a
INFO: [Common 17-1381] The checkpoint 'C:/Users/Balazs/Desktop/MSC1/FPGA/homework/HDMI_FIR_Homework.runs/cpu_hdmi_system_dlmb_v10_0_synth_1/cpu_hdmi_system_dlmb_v10_0.dcp' has been generated.
INFO: [Vivado 12-24828] Executing command : report_utilization -file cpu_hdmi_system_dlmb_v10_0_utilization_synth.rpt -pb cpu_hdmi_system_dlmb_v10_0_utilization_synth.pb
INFO: [Common 17-206] Exiting Vivado at Sat Jun  6 22:54:17 2026...
