
*** Running vivado
    with args -log hdmi_top.vds -m64 -product Vivado -mode batch -messageDb vivado.pb -notrace -source hdmi_top.tcl



****** Vivado v2025.2 (64-bit)
  **** SW Build 6299465 on Fri Nov 14 19:35:11 GMT 2025
  **** IP Build 6300035 on Fri Nov 14 10:48:45 MST 2025
  **** SharedData Build 6298862 on Thu Nov 13 04:50:51 MST 2025
  **** Start of session at: Tue Jun  9 15:54:21 2026
    ** Copyright 1986-2022 Xilinx, Inc. All Rights Reserved.
    ** Copyright 2022-2025 Advanced Micro Devices, Inc. All Rights Reserved.

source hdmi_top.tcl -notrace
create_project: Time (s): cpu = 00:00:24 ; elapsed = 00:00:18 . Memory (MB): peak = 526.754 ; gain = 222.508
INFO: [IP_Flow 19-234] Refreshing IP repositories
INFO: [IP_Flow 19-1700] Loaded user IP repository 'c:/Users/Balazs/Desktop/MSC1/FPGA/homework/ip_repo/fir_coeff_bank_axi_1_0'.
INFO: [IP_Flow 19-2313] Loaded Vivado IP repository 'C:/AMDDesignTools/2025.2/Vivado/data/ip'.
add_files: Time (s): cpu = 00:00:10 ; elapsed = 00:00:10 . Memory (MB): peak = 564.027 ; gain = 32.328
Command: read_checkpoint -auto_incremental -incremental C:/Users/Balazs/Desktop/MSC1/FPGA/homework/HDMI_FIR_Homework.srcs/utils_1/imports/synth_1/hdmi_top.dcp
INFO: [Vivado 12-5825] Read reference checkpoint from C:/Users/Balazs/Desktop/MSC1/FPGA/homework/HDMI_FIR_Homework.srcs/utils_1/imports/synth_1/hdmi_top.dcp for incremental synthesis
INFO: [Vivado 12-7989] Please ensure there are no constraint changes
Command: synth_design -top hdmi_top -part xc7k70tfbg676-1
Starting synth_design
Attempting to get a license for feature 'Synthesis' and/or device 'xc7k70t'
INFO: [Common 17-349] Got license for feature 'Synthesis' and/or device 'xc7k70t'
INFO: [Device 21-403] Loading part xc7k70tfbg676-1
INFO: [Designutils 20-5440] No compile time benefit to using incremental synthesis; A full resynthesis will be run
INFO: [Designutils 20-4379] Flow is switching to default flow due to incremental criteria not met. If you would like to alter this behaviour and have the flow terminate instead, please set the following parameter config_implementation {autoIncr.Synth.RejectBehavior Terminate}
INFO: [Synth 8-7079] Multithreading enabled for synth_design using a maximum of 2 processes.
INFO: [Synth 8-7078] Launching helper process for spawning children vivado processes
INFO: [Synth 8-7075] Helper process launched with PID 28876
---------------------------------------------------------------------------------
Starting RTL Elaboration : Time (s): cpu = 00:00:12 ; elapsed = 00:00:13 . Memory (MB): peak = 1306.062 ; gain = 543.082
---------------------------------------------------------------------------------
INFO: [Synth 8-6157] synthesizing module 'hdmi_top' [C:/Users/Balazs/Desktop/MSC1/FPGA/homework/HDMI_FIR_Homework.srcs/sources_1/imports/hdl/hdmi_top.v:23]
INFO: [Synth 8-6157] synthesizing module 'PLLE2_BASE' [C:/AMDDesignTools/2025.2/Vivado/scripts/rt/data/unisim_comp.v:133986]
	Parameter BANDWIDTH bound to: OPTIMIZED - type: string 
	Parameter CLKFBOUT_MULT bound to: 10 - type: integer 
	Parameter CLKFBOUT_PHASE bound to: 0.000000e+00 - type: double 
	Parameter CLKIN1_PERIOD bound to: 1.000000e+01 - type: double 
	Parameter CLKOUT0_DIVIDE bound to: 5 - type: integer 
	Parameter CLKOUT0_DUTY_CYCLE bound to: 5.000000e-01 - type: double 
	Parameter CLKOUT0_PHASE bound to: 0.000000e+00 - type: double 
	Parameter CLKOUT1_DIVIDE bound to: 1 - type: integer 
	Parameter CLKOUT1_DUTY_CYCLE bound to: 5.000000e-01 - type: double 
	Parameter CLKOUT1_PHASE bound to: 0.000000e+00 - type: double 
	Parameter CLKOUT2_DIVIDE bound to: 1 - type: integer 
	Parameter CLKOUT2_DUTY_CYCLE bound to: 5.000000e-01 - type: double 
	Parameter CLKOUT2_PHASE bound to: 0.000000e+00 - type: double 
	Parameter CLKOUT3_DIVIDE bound to: 1 - type: integer 
	Parameter CLKOUT3_DUTY_CYCLE bound to: 5.000000e-01 - type: double 
	Parameter CLKOUT3_PHASE bound to: 0.000000e+00 - type: double 
	Parameter CLKOUT4_DIVIDE bound to: 1 - type: integer 
	Parameter CLKOUT4_DUTY_CYCLE bound to: 5.000000e-01 - type: double 
	Parameter CLKOUT4_PHASE bound to: 0.000000e+00 - type: double 
	Parameter CLKOUT5_DIVIDE bound to: 1 - type: integer 
	Parameter CLKOUT5_DUTY_CYCLE bound to: 5.000000e-01 - type: double 
	Parameter CLKOUT5_PHASE bound to: 0.000000e+00 - type: double 
	Parameter DIVCLK_DIVIDE bound to: 1 - type: integer 
	Parameter REF_JITTER1 bound to: 0.000000e+00 - type: double 
	Parameter STARTUP_WAIT bound to: FALSE - type: string 
INFO: [Synth 8-6155] done synthesizing module 'PLLE2_BASE' (0#1) [C:/AMDDesignTools/2025.2/Vivado/scripts/rt/data/unisim_comp.v:133986]
INFO: [Synth 8-6157] synthesizing module 'BUFG' [C:/AMDDesignTools/2025.2/Vivado/scripts/rt/data/unisim_comp.v:2678]
INFO: [Synth 8-6155] done synthesizing module 'BUFG' (0#1) [C:/AMDDesignTools/2025.2/Vivado/scripts/rt/data/unisim_comp.v:2678]
INFO: [Synth 8-6157] synthesizing module 'hdmi_rx' [C:/Users/Balazs/Desktop/MSC1/FPGA/homework/HDMI_FIR_Homework.srcs/sources_1/imports/hdl/hdmi_rx.v:1]
INFO: [Synth 8-6155] done synthesizing module 'hdmi_rx' (0#1) [C:/Users/Balazs/Desktop/MSC1/FPGA/homework/HDMI_FIR_Homework.srcs/sources_1/imports/hdl/hdmi_rx.v:1]
INFO: [Synth 8-6157] synthesizing module 'cpu_hdmi_system_sv' [C:/Users/Balazs/Desktop/MSC1/FPGA/homework/HDMI_FIR_Homework.gen/sources_1/bd/cpu_hdmi_system/cpu_hdmi_system_sv.sv:55]
INFO: [Synth 8-6157] synthesizing module 'cpu_hdmi_system' [c:/Users/Balazs/Desktop/MSC1/FPGA/homework/HDMI_FIR_Homework.gen/sources_1/bd/cpu_hdmi_system/synth/cpu_hdmi_system.v:13]
INFO: [Synth 8-6157] synthesizing module 'cpu_hdmi_system_axi_uartlite_0_0' [C:/Users/Balazs/Desktop/MSC1/FPGA/homework/HDMI_FIR_Homework.runs/synth_1/.Xil/Vivado-11796-DESKTOP-H73H9I1/realtime/cpu_hdmi_system_axi_uartlite_0_0_stub.v:6]
INFO: [Synth 8-6155] done synthesizing module 'cpu_hdmi_system_axi_uartlite_0_0' (0#1) [C:/Users/Balazs/Desktop/MSC1/FPGA/homework/HDMI_FIR_Homework.runs/synth_1/.Xil/Vivado-11796-DESKTOP-H73H9I1/realtime/cpu_hdmi_system_axi_uartlite_0_0_stub.v:6]
WARNING: [Synth 8-7071] port 'interrupt' of module 'cpu_hdmi_system_axi_uartlite_0_0' is unconnected for instance 'axi_uartlite_0' [c:/Users/Balazs/Desktop/MSC1/FPGA/homework/HDMI_FIR_Homework.gen/sources_1/bd/cpu_hdmi_system/synth/cpu_hdmi_system.v:121]
WARNING: [Synth 8-7023] instance 'axi_uartlite_0' of module 'cpu_hdmi_system_axi_uartlite_0_0' has 22 connections declared, but only 21 given [c:/Users/Balazs/Desktop/MSC1/FPGA/homework/HDMI_FIR_Homework.gen/sources_1/bd/cpu_hdmi_system/synth/cpu_hdmi_system.v:121]
INFO: [Synth 8-6157] synthesizing module 'cpu_hdmi_system_clk_wiz_1_0' [C:/Users/Balazs/Desktop/MSC1/FPGA/homework/HDMI_FIR_Homework.runs/synth_1/.Xil/Vivado-11796-DESKTOP-H73H9I1/realtime/cpu_hdmi_system_clk_wiz_1_0_stub.v:6]
INFO: [Synth 8-6155] done synthesizing module 'cpu_hdmi_system_clk_wiz_1_0' (0#1) [C:/Users/Balazs/Desktop/MSC1/FPGA/homework/HDMI_FIR_Homework.runs/synth_1/.Xil/Vivado-11796-DESKTOP-H73H9I1/realtime/cpu_hdmi_system_clk_wiz_1_0_stub.v:6]
INFO: [Synth 8-6157] synthesizing module 'cpu_hdmi_system_fir_coeff_bank_axi_0_2' [C:/Users/Balazs/Desktop/MSC1/FPGA/homework/HDMI_FIR_Homework.runs/synth_1/.Xil/Vivado-11796-DESKTOP-H73H9I1/realtime/cpu_hdmi_system_fir_coeff_bank_axi_0_2_stub.v:6]
INFO: [Synth 8-6155] done synthesizing module 'cpu_hdmi_system_fir_coeff_bank_axi_0_2' (0#1) [C:/Users/Balazs/Desktop/MSC1/FPGA/homework/HDMI_FIR_Homework.runs/synth_1/.Xil/Vivado-11796-DESKTOP-H73H9I1/realtime/cpu_hdmi_system_fir_coeff_bank_axi_0_2_stub.v:6]
INFO: [Synth 8-6157] synthesizing module 'cpu_hdmi_system_mdm_1_0' [C:/Users/Balazs/Desktop/MSC1/FPGA/homework/HDMI_FIR_Homework.runs/synth_1/.Xil/Vivado-11796-DESKTOP-H73H9I1/realtime/cpu_hdmi_system_mdm_1_0_stub.v:6]
INFO: [Synth 8-6155] done synthesizing module 'cpu_hdmi_system_mdm_1_0' (0#1) [C:/Users/Balazs/Desktop/MSC1/FPGA/homework/HDMI_FIR_Homework.runs/synth_1/.Xil/Vivado-11796-DESKTOP-H73H9I1/realtime/cpu_hdmi_system_mdm_1_0_stub.v:6]
INFO: [Synth 8-6157] synthesizing module 'cpu_hdmi_system_microblaze_riscv_0_0' [C:/Users/Balazs/Desktop/MSC1/FPGA/homework/HDMI_FIR_Homework.runs/synth_1/.Xil/Vivado-11796-DESKTOP-H73H9I1/realtime/cpu_hdmi_system_microblaze_riscv_0_0_stub.v:6]
INFO: [Synth 8-6155] done synthesizing module 'cpu_hdmi_system_microblaze_riscv_0_0' (0#1) [C:/Users/Balazs/Desktop/MSC1/FPGA/homework/HDMI_FIR_Homework.runs/synth_1/.Xil/Vivado-11796-DESKTOP-H73H9I1/realtime/cpu_hdmi_system_microblaze_riscv_0_0_stub.v:6]
WARNING: [Synth 8-7071] port 'Interrupt_Ack' of module 'cpu_hdmi_system_microblaze_riscv_0_0' is unconnected for instance 'microblaze_riscv_0' [c:/Users/Balazs/Desktop/MSC1/FPGA/homework/HDMI_FIR_Homework.gen/sources_1/bd/cpu_hdmi_system/synth/cpu_hdmi_system.v:184]
WARNING: [Synth 8-7071] port 'Dbg_Trig_In' of module 'cpu_hdmi_system_microblaze_riscv_0_0' is unconnected for instance 'microblaze_riscv_0' [c:/Users/Balazs/Desktop/MSC1/FPGA/homework/HDMI_FIR_Homework.gen/sources_1/bd/cpu_hdmi_system/synth/cpu_hdmi_system.v:184]
WARNING: [Synth 8-7071] port 'Dbg_Trig_Ack_Out' of module 'cpu_hdmi_system_microblaze_riscv_0_0' is unconnected for instance 'microblaze_riscv_0' [c:/Users/Balazs/Desktop/MSC1/FPGA/homework/HDMI_FIR_Homework.gen/sources_1/bd/cpu_hdmi_system/synth/cpu_hdmi_system.v:184]
WARNING: [Synth 8-7023] instance 'microblaze_riscv_0' of module 'cpu_hdmi_system_microblaze_riscv_0_0' has 56 connections declared, but only 53 given [c:/Users/Balazs/Desktop/MSC1/FPGA/homework/HDMI_FIR_Homework.gen/sources_1/bd/cpu_hdmi_system/synth/cpu_hdmi_system.v:184]
INFO: [Synth 8-6157] synthesizing module 'cpu_hdmi_system_microblaze_riscv_0_axi_periph_0' [C:/Users/Balazs/Desktop/MSC1/FPGA/homework/HDMI_FIR_Homework.runs/synth_1/.Xil/Vivado-11796-DESKTOP-H73H9I1/realtime/cpu_hdmi_system_microblaze_riscv_0_axi_periph_0_stub.v:6]
INFO: [Synth 8-6155] done synthesizing module 'cpu_hdmi_system_microblaze_riscv_0_axi_periph_0' (0#1) [C:/Users/Balazs/Desktop/MSC1/FPGA/homework/HDMI_FIR_Homework.runs/synth_1/.Xil/Vivado-11796-DESKTOP-H73H9I1/realtime/cpu_hdmi_system_microblaze_riscv_0_axi_periph_0_stub.v:6]
WARNING: [Synth 8-7071] port 'M00_AXI_awprot' of module 'cpu_hdmi_system_microblaze_riscv_0_axi_periph_0' is unconnected for instance 'microblaze_riscv_0_axi_periph' [c:/Users/Balazs/Desktop/MSC1/FPGA/homework/HDMI_FIR_Homework.gen/sources_1/bd/cpu_hdmi_system/synth/cpu_hdmi_system.v:238]
WARNING: [Synth 8-7071] port 'M00_AXI_arprot' of module 'cpu_hdmi_system_microblaze_riscv_0_axi_periph_0' is unconnected for instance 'microblaze_riscv_0_axi_periph' [c:/Users/Balazs/Desktop/MSC1/FPGA/homework/HDMI_FIR_Homework.gen/sources_1/bd/cpu_hdmi_system/synth/cpu_hdmi_system.v:238]
WARNING: [Synth 8-7023] instance 'microblaze_riscv_0_axi_periph' of module 'cpu_hdmi_system_microblaze_riscv_0_axi_periph_0' has 59 connections declared, but only 57 given [c:/Users/Balazs/Desktop/MSC1/FPGA/homework/HDMI_FIR_Homework.gen/sources_1/bd/cpu_hdmi_system/synth/cpu_hdmi_system.v:238]
INFO: [Synth 8-6157] synthesizing module 'microblaze_riscv_0_local_memory_imp_1FKUDYT' [c:/Users/Balazs/Desktop/MSC1/FPGA/homework/HDMI_FIR_Homework.gen/sources_1/bd/cpu_hdmi_system/synth/cpu_hdmi_system.v:329]
INFO: [Synth 8-6157] synthesizing module 'cpu_hdmi_system_dlmb_bram_if_cntlr_0' [C:/Users/Balazs/Desktop/MSC1/FPGA/homework/HDMI_FIR_Homework.runs/synth_1/.Xil/Vivado-11796-DESKTOP-H73H9I1/realtime/cpu_hdmi_system_dlmb_bram_if_cntlr_0_stub.v:6]
INFO: [Synth 8-6155] done synthesizing module 'cpu_hdmi_system_dlmb_bram_if_cntlr_0' (0#1) [C:/Users/Balazs/Desktop/MSC1/FPGA/homework/HDMI_FIR_Homework.runs/synth_1/.Xil/Vivado-11796-DESKTOP-H73H9I1/realtime/cpu_hdmi_system_dlmb_bram_if_cntlr_0_stub.v:6]
INFO: [Synth 8-6157] synthesizing module 'cpu_hdmi_system_dlmb_v10_0' [C:/Users/Balazs/Desktop/MSC1/FPGA/homework/HDMI_FIR_Homework.runs/synth_1/.Xil/Vivado-11796-DESKTOP-H73H9I1/realtime/cpu_hdmi_system_dlmb_v10_0_stub.v:6]
INFO: [Synth 8-6155] done synthesizing module 'cpu_hdmi_system_dlmb_v10_0' (0#1) [C:/Users/Balazs/Desktop/MSC1/FPGA/homework/HDMI_FIR_Homework.runs/synth_1/.Xil/Vivado-11796-DESKTOP-H73H9I1/realtime/cpu_hdmi_system_dlmb_v10_0_stub.v:6]
WARNING: [Synth 8-7071] port 'LMB_Rst' of module 'cpu_hdmi_system_dlmb_v10_0' is unconnected for instance 'dlmb_v10' [c:/Users/Balazs/Desktop/MSC1/FPGA/homework/HDMI_FIR_Homework.gen/sources_1/bd/cpu_hdmi_system/synth/cpu_hdmi_system.v:454]
WARNING: [Synth 8-7023] instance 'dlmb_v10' of module 'cpu_hdmi_system_dlmb_v10_0' has 25 connections declared, but only 24 given [c:/Users/Balazs/Desktop/MSC1/FPGA/homework/HDMI_FIR_Homework.gen/sources_1/bd/cpu_hdmi_system/synth/cpu_hdmi_system.v:454]
INFO: [Synth 8-6157] synthesizing module 'cpu_hdmi_system_ilmb_bram_if_cntlr_0' [C:/Users/Balazs/Desktop/MSC1/FPGA/homework/HDMI_FIR_Homework.runs/synth_1/.Xil/Vivado-11796-DESKTOP-H73H9I1/realtime/cpu_hdmi_system_ilmb_bram_if_cntlr_0_stub.v:6]
INFO: [Synth 8-6155] done synthesizing module 'cpu_hdmi_system_ilmb_bram_if_cntlr_0' (0#1) [C:/Users/Balazs/Desktop/MSC1/FPGA/homework/HDMI_FIR_Homework.runs/synth_1/.Xil/Vivado-11796-DESKTOP-H73H9I1/realtime/cpu_hdmi_system_ilmb_bram_if_cntlr_0_stub.v:6]
INFO: [Synth 8-6157] synthesizing module 'cpu_hdmi_system_ilmb_v10_0' [C:/Users/Balazs/Desktop/MSC1/FPGA/homework/HDMI_FIR_Homework.runs/synth_1/.Xil/Vivado-11796-DESKTOP-H73H9I1/realtime/cpu_hdmi_system_ilmb_v10_0_stub.v:6]
INFO: [Synth 8-6155] done synthesizing module 'cpu_hdmi_system_ilmb_v10_0' (0#1) [C:/Users/Balazs/Desktop/MSC1/FPGA/homework/HDMI_FIR_Homework.runs/synth_1/.Xil/Vivado-11796-DESKTOP-H73H9I1/realtime/cpu_hdmi_system_ilmb_v10_0_stub.v:6]
WARNING: [Synth 8-7071] port 'LMB_Rst' of module 'cpu_hdmi_system_ilmb_v10_0' is unconnected for instance 'ilmb_v10' [c:/Users/Balazs/Desktop/MSC1/FPGA/homework/HDMI_FIR_Homework.gen/sources_1/bd/cpu_hdmi_system/synth/cpu_hdmi_system.v:500]
WARNING: [Synth 8-7023] instance 'ilmb_v10' of module 'cpu_hdmi_system_ilmb_v10_0' has 25 connections declared, but only 24 given [c:/Users/Balazs/Desktop/MSC1/FPGA/homework/HDMI_FIR_Homework.gen/sources_1/bd/cpu_hdmi_system/synth/cpu_hdmi_system.v:500]
INFO: [Synth 8-6157] synthesizing module 'cpu_hdmi_system_lmb_bram_0' [C:/Users/Balazs/Desktop/MSC1/FPGA/homework/HDMI_FIR_Homework.runs/synth_1/.Xil/Vivado-11796-DESKTOP-H73H9I1/realtime/cpu_hdmi_system_lmb_bram_0_stub.v:6]
INFO: [Synth 8-6155] done synthesizing module 'cpu_hdmi_system_lmb_bram_0' (0#1) [C:/Users/Balazs/Desktop/MSC1/FPGA/homework/HDMI_FIR_Homework.runs/synth_1/.Xil/Vivado-11796-DESKTOP-H73H9I1/realtime/cpu_hdmi_system_lmb_bram_0_stub.v:6]
WARNING: [Synth 8-7071] port 'rsta_busy' of module 'cpu_hdmi_system_lmb_bram_0' is unconnected for instance 'lmb_bram' [c:/Users/Balazs/Desktop/MSC1/FPGA/homework/HDMI_FIR_Homework.gen/sources_1/bd/cpu_hdmi_system/synth/cpu_hdmi_system.v:525]
WARNING: [Synth 8-7071] port 'rstb_busy' of module 'cpu_hdmi_system_lmb_bram_0' is unconnected for instance 'lmb_bram' [c:/Users/Balazs/Desktop/MSC1/FPGA/homework/HDMI_FIR_Homework.gen/sources_1/bd/cpu_hdmi_system/synth/cpu_hdmi_system.v:525]
WARNING: [Synth 8-7023] instance 'lmb_bram' of module 'cpu_hdmi_system_lmb_bram_0' has 16 connections declared, but only 14 given [c:/Users/Balazs/Desktop/MSC1/FPGA/homework/HDMI_FIR_Homework.gen/sources_1/bd/cpu_hdmi_system/synth/cpu_hdmi_system.v:525]
INFO: [Synth 8-6155] done synthesizing module 'microblaze_riscv_0_local_memory_imp_1FKUDYT' (0#1) [c:/Users/Balazs/Desktop/MSC1/FPGA/homework/HDMI_FIR_Homework.gen/sources_1/bd/cpu_hdmi_system/synth/cpu_hdmi_system.v:329]
INFO: [Synth 8-6157] synthesizing module 'cpu_hdmi_system_rst_clk_wiz_1_100M_0' [C:/Users/Balazs/Desktop/MSC1/FPGA/homework/HDMI_FIR_Homework.runs/synth_1/.Xil/Vivado-11796-DESKTOP-H73H9I1/realtime/cpu_hdmi_system_rst_clk_wiz_1_100M_0_stub.v:6]
INFO: [Synth 8-6155] done synthesizing module 'cpu_hdmi_system_rst_clk_wiz_1_100M_0' (0#1) [C:/Users/Balazs/Desktop/MSC1/FPGA/homework/HDMI_FIR_Homework.runs/synth_1/.Xil/Vivado-11796-DESKTOP-H73H9I1/realtime/cpu_hdmi_system_rst_clk_wiz_1_100M_0_stub.v:6]
WARNING: [Synth 8-7071] port 'peripheral_reset' of module 'cpu_hdmi_system_rst_clk_wiz_1_100M_0' is unconnected for instance 'rst_clk_wiz_1_100M' [c:/Users/Balazs/Desktop/MSC1/FPGA/homework/HDMI_FIR_Homework.gen/sources_1/bd/cpu_hdmi_system/synth/cpu_hdmi_system.v:318]
WARNING: [Synth 8-7071] port 'interconnect_aresetn' of module 'cpu_hdmi_system_rst_clk_wiz_1_100M_0' is unconnected for instance 'rst_clk_wiz_1_100M' [c:/Users/Balazs/Desktop/MSC1/FPGA/homework/HDMI_FIR_Homework.gen/sources_1/bd/cpu_hdmi_system/synth/cpu_hdmi_system.v:318]
WARNING: [Synth 8-7023] instance 'rst_clk_wiz_1_100M' of module 'cpu_hdmi_system_rst_clk_wiz_1_100M_0' has 10 connections declared, but only 8 given [c:/Users/Balazs/Desktop/MSC1/FPGA/homework/HDMI_FIR_Homework.gen/sources_1/bd/cpu_hdmi_system/synth/cpu_hdmi_system.v:318]
INFO: [Synth 8-6155] done synthesizing module 'cpu_hdmi_system' (0#1) [c:/Users/Balazs/Desktop/MSC1/FPGA/homework/HDMI_FIR_Homework.gen/sources_1/bd/cpu_hdmi_system/synth/cpu_hdmi_system.v:13]
INFO: [Synth 8-6155] done synthesizing module 'cpu_hdmi_system_sv' (0#1) [C:/Users/Balazs/Desktop/MSC1/FPGA/homework/HDMI_FIR_Homework.gen/sources_1/bd/cpu_hdmi_system/cpu_hdmi_system_sv.sv:55]
INFO: [Synth 8-6157] synthesizing module 'rgb2y' [C:/Users/Balazs/Desktop/MSC1/FPGA/homework/HDMI_FIR_Homework.srcs/sources_1/imports/hdl/rgb2y.v:1]
INFO: [Synth 8-6157] synthesizing module 'dsp' [C:/Users/Balazs/Desktop/MSC1/FPGA/homework/HDMI_FIR_Homework.srcs/sources_1/imports/hdl/dsp.v:23]
INFO: [Synth 8-6155] done synthesizing module 'dsp' (0#1) [C:/Users/Balazs/Desktop/MSC1/FPGA/homework/HDMI_FIR_Homework.srcs/sources_1/imports/hdl/dsp.v:23]
INFO: [Synth 8-6155] done synthesizing module 'rgb2y' (0#1) [C:/Users/Balazs/Desktop/MSC1/FPGA/homework/HDMI_FIR_Homework.srcs/sources_1/imports/hdl/rgb2y.v:1]
INFO: [Synth 8-6157] synthesizing module 'bram_line_buffer' [C:/Users/Balazs/Desktop/MSC1/FPGA/homework/HDMI_FIR_Homework.srcs/sources_1/new/bram_line_buffer.v:71]
	Parameter DATA_WIDTH bound to: 8 - type: integer 
	Parameter LINE_WIDTH bound to: 2048 - type: integer 
	Parameter ADDR_WIDTH bound to: 11 - type: integer 
INFO: [Synth 8-6157] synthesizing module 'bram_line_buffer_ram' [C:/Users/Balazs/Desktop/MSC1/FPGA/homework/HDMI_FIR_Homework.srcs/sources_1/new/bram_line_buffer.v:27]
	Parameter DATA_WIDTH bound to: 8 - type: integer 
	Parameter LINE_WIDTH bound to: 2048 - type: integer 
	Parameter ADDR_WIDTH bound to: 11 - type: integer 
INFO: [Synth 8-6155] done synthesizing module 'bram_line_buffer_ram' (0#1) [C:/Users/Balazs/Desktop/MSC1/FPGA/homework/HDMI_FIR_Homework.srcs/sources_1/new/bram_line_buffer.v:27]
INFO: [Synth 8-6155] done synthesizing module 'bram_line_buffer' (0#1) [C:/Users/Balazs/Desktop/MSC1/FPGA/homework/HDMI_FIR_Homework.srcs/sources_1/new/bram_line_buffer.v:71]
INFO: [Synth 8-6157] synthesizing module 'FIR_filter_5x5' [C:/Users/Balazs/Desktop/MSC1/FPGA/homework/HDMI_FIR_Homework.srcs/sources_1/new/5x5_FIR_filter.v:178]
	Parameter CTRL_DELAY bound to: 8 - type: integer 
INFO: [Synth 8-6157] synthesizing module 'fir_row_5_cells' [C:/Users/Balazs/Desktop/MSC1/FPGA/homework/HDMI_FIR_Homework.srcs/sources_1/new/5x5_FIR_filter.v:85]
INFO: [Synth 8-6157] synthesizing module 'dsp_25x18_passthrough' [C:/Users/Balazs/Desktop/MSC1/FPGA/homework/HDMI_FIR_Homework.srcs/sources_1/new/5x5_FIR_filter.v:25]
	Parameter A_REG bound to: 1 - type: integer 
	Parameter B_REG bound to: 1 - type: integer 
INFO: [Synth 8-6155] done synthesizing module 'dsp_25x18_passthrough' (0#1) [C:/Users/Balazs/Desktop/MSC1/FPGA/homework/HDMI_FIR_Homework.srcs/sources_1/new/5x5_FIR_filter.v:25]
INFO: [Synth 8-6157] synthesizing module 'dsp_25x18_passthrough__parameterized0' [C:/Users/Balazs/Desktop/MSC1/FPGA/homework/HDMI_FIR_Homework.srcs/sources_1/new/5x5_FIR_filter.v:25]
	Parameter A_REG bound to: 2 - type: integer 
	Parameter B_REG bound to: 1 - type: integer 
INFO: [Synth 8-6155] done synthesizing module 'dsp_25x18_passthrough__parameterized0' (0#1) [C:/Users/Balazs/Desktop/MSC1/FPGA/homework/HDMI_FIR_Homework.srcs/sources_1/new/5x5_FIR_filter.v:25]
INFO: [Synth 8-6155] done synthesizing module 'fir_row_5_cells' (0#1) [C:/Users/Balazs/Desktop/MSC1/FPGA/homework/HDMI_FIR_Homework.srcs/sources_1/new/5x5_FIR_filter.v:85]
INFO: [Synth 8-6155] done synthesizing module 'FIR_filter_5x5' (0#1) [C:/Users/Balazs/Desktop/MSC1/FPGA/homework/HDMI_FIR_Homework.srcs/sources_1/new/5x5_FIR_filter.v:178]
INFO: [Synth 8-6157] synthesizing module 'hdmi_tx' [C:/Users/Balazs/Desktop/MSC1/FPGA/homework/HDMI_FIR_Homework.srcs/sources_1/imports/hdl/hdmi_tx.v:1]
INFO: [Synth 8-6155] done synthesizing module 'hdmi_tx' (0#1) [C:/Users/Balazs/Desktop/MSC1/FPGA/homework/HDMI_FIR_Homework.srcs/sources_1/imports/hdl/hdmi_tx.v:1]
INFO: [Synth 8-6155] done synthesizing module 'hdmi_top' (0#1) [C:/Users/Balazs/Desktop/MSC1/FPGA/homework/HDMI_FIR_Homework.srcs/sources_1/imports/hdl/hdmi_top.v:23]
WARNING: [Synth 8-6014] Unused sequential element h_sync_prev_reg was removed.  [C:/Users/Balazs/Desktop/MSC1/FPGA/homework/HDMI_FIR_Homework.srcs/sources_1/new/bram_line_buffer.v:154]
WARNING: [Synth 8-3917] design hdmi_top has port led_r[6] driven by constant 0
WARNING: [Synth 8-7129] Port bt[3] in module hdmi_top is either unconnected or has no load
WARNING: [Synth 8-7129] Port bt[2] in module hdmi_top is either unconnected or has no load
WARNING: [Synth 8-7129] Port bt[1] in module hdmi_top is either unconnected or has no load
WARNING: [Synth 8-7129] Port bt[0] in module hdmi_top is either unconnected or has no load
WARNING: [Synth 8-7129] Port sw[7] in module hdmi_top is either unconnected or has no load
WARNING: [Synth 8-7129] Port sw[6] in module hdmi_top is either unconnected or has no load
WARNING: [Synth 8-7129] Port sw[5] in module hdmi_top is either unconnected or has no load
WARNING: [Synth 8-7129] Port sw[4] in module hdmi_top is either unconnected or has no load
WARNING: [Synth 8-7129] Port sw[3] in module hdmi_top is either unconnected or has no load
WARNING: [Synth 8-7129] Port sw[2] in module hdmi_top is either unconnected or has no load
WARNING: [Synth 8-7129] Port sw[1] in module hdmi_top is either unconnected or has no load
WARNING: [Synth 8-7129] Port sw[0] in module hdmi_top is either unconnected or has no load
WARNING: [Synth 8-7129] Port hdmi_tx_cec in module hdmi_top is either unconnected or has no load
WARNING: [Synth 8-7129] Port hdmi_tx_hpdn in module hdmi_top is either unconnected or has no load
WARNING: [Synth 8-7129] Port hdmi_tx_scl in module hdmi_top is either unconnected or has no load
WARNING: [Synth 8-7129] Port hdmi_tx_sda in module hdmi_top is either unconnected or has no load
---------------------------------------------------------------------------------
Finished RTL Elaboration : Time (s): cpu = 00:00:17 ; elapsed = 00:00:18 . Memory (MB): peak = 1438.375 ; gain = 675.395
---------------------------------------------------------------------------------
---------------------------------------------------------------------------------
Start Handling Custom Attributes
---------------------------------------------------------------------------------
---------------------------------------------------------------------------------
Finished Handling Custom Attributes : Time (s): cpu = 00:00:17 ; elapsed = 00:00:19 . Memory (MB): peak = 1438.375 ; gain = 675.395
---------------------------------------------------------------------------------
---------------------------------------------------------------------------------
Finished RTL Optimization Phase 1 : Time (s): cpu = 00:00:17 ; elapsed = 00:00:19 . Memory (MB): peak = 1438.375 ; gain = 675.395
---------------------------------------------------------------------------------
Netlist sorting complete. Time (s): cpu = 00:00:00 ; elapsed = 00:00:00.278 . Memory (MB): peak = 1438.375 ; gain = 0.000
INFO: [Netlist 29-17] Analyzing 1 Unisim elements for replacement
INFO: [Netlist 29-28] Unisim Transformation completed in 0 CPU seconds
INFO: [Project 1-570] Preparing netlist for logic optimization

Processing XDC Constraints
Initializing timing engine
Parsing XDC File [c:/Users/Balazs/Desktop/MSC1/FPGA/homework/HDMI_FIR_Homework.gen/sources_1/bd/cpu_hdmi_system/ip/cpu_hdmi_system_microblaze_riscv_0_0/cpu_hdmi_system_microblaze_riscv_0_0/cpu_hdmi_system_microblaze_riscv_0_0_in_context.xdc] for cell 'processor_inst/inst/microblaze_riscv_0'
Finished Parsing XDC File [c:/Users/Balazs/Desktop/MSC1/FPGA/homework/HDMI_FIR_Homework.gen/sources_1/bd/cpu_hdmi_system/ip/cpu_hdmi_system_microblaze_riscv_0_0/cpu_hdmi_system_microblaze_riscv_0_0/cpu_hdmi_system_microblaze_riscv_0_0_in_context.xdc] for cell 'processor_inst/inst/microblaze_riscv_0'
Parsing XDC File [c:/Users/Balazs/Desktop/MSC1/FPGA/homework/HDMI_FIR_Homework.gen/sources_1/bd/cpu_hdmi_system/ip/cpu_hdmi_system_dlmb_v10_0/cpu_hdmi_system_dlmb_v10_0/cpu_hdmi_system_dlmb_v10_0_in_context.xdc] for cell 'processor_inst/inst/microblaze_riscv_0_local_memory/dlmb_v10'
Finished Parsing XDC File [c:/Users/Balazs/Desktop/MSC1/FPGA/homework/HDMI_FIR_Homework.gen/sources_1/bd/cpu_hdmi_system/ip/cpu_hdmi_system_dlmb_v10_0/cpu_hdmi_system_dlmb_v10_0/cpu_hdmi_system_dlmb_v10_0_in_context.xdc] for cell 'processor_inst/inst/microblaze_riscv_0_local_memory/dlmb_v10'
Parsing XDC File [c:/Users/Balazs/Desktop/MSC1/FPGA/homework/HDMI_FIR_Homework.gen/sources_1/bd/cpu_hdmi_system/ip/cpu_hdmi_system_ilmb_v10_0/cpu_hdmi_system_ilmb_v10_0/cpu_hdmi_system_dlmb_v10_0_in_context.xdc] for cell 'processor_inst/inst/microblaze_riscv_0_local_memory/ilmb_v10'
Finished Parsing XDC File [c:/Users/Balazs/Desktop/MSC1/FPGA/homework/HDMI_FIR_Homework.gen/sources_1/bd/cpu_hdmi_system/ip/cpu_hdmi_system_ilmb_v10_0/cpu_hdmi_system_ilmb_v10_0/cpu_hdmi_system_dlmb_v10_0_in_context.xdc] for cell 'processor_inst/inst/microblaze_riscv_0_local_memory/ilmb_v10'
Parsing XDC File [c:/Users/Balazs/Desktop/MSC1/FPGA/homework/HDMI_FIR_Homework.gen/sources_1/bd/cpu_hdmi_system/ip/cpu_hdmi_system_dlmb_bram_if_cntlr_0/cpu_hdmi_system_dlmb_bram_if_cntlr_0/cpu_hdmi_system_dlmb_bram_if_cntlr_0_in_context.xdc] for cell 'processor_inst/inst/microblaze_riscv_0_local_memory/dlmb_bram_if_cntlr'
Finished Parsing XDC File [c:/Users/Balazs/Desktop/MSC1/FPGA/homework/HDMI_FIR_Homework.gen/sources_1/bd/cpu_hdmi_system/ip/cpu_hdmi_system_dlmb_bram_if_cntlr_0/cpu_hdmi_system_dlmb_bram_if_cntlr_0/cpu_hdmi_system_dlmb_bram_if_cntlr_0_in_context.xdc] for cell 'processor_inst/inst/microblaze_riscv_0_local_memory/dlmb_bram_if_cntlr'
Parsing XDC File [c:/Users/Balazs/Desktop/MSC1/FPGA/homework/HDMI_FIR_Homework.gen/sources_1/bd/cpu_hdmi_system/ip/cpu_hdmi_system_ilmb_bram_if_cntlr_0/cpu_hdmi_system_ilmb_bram_if_cntlr_0/cpu_hdmi_system_ilmb_bram_if_cntlr_0_in_context.xdc] for cell 'processor_inst/inst/microblaze_riscv_0_local_memory/ilmb_bram_if_cntlr'
Finished Parsing XDC File [c:/Users/Balazs/Desktop/MSC1/FPGA/homework/HDMI_FIR_Homework.gen/sources_1/bd/cpu_hdmi_system/ip/cpu_hdmi_system_ilmb_bram_if_cntlr_0/cpu_hdmi_system_ilmb_bram_if_cntlr_0/cpu_hdmi_system_ilmb_bram_if_cntlr_0_in_context.xdc] for cell 'processor_inst/inst/microblaze_riscv_0_local_memory/ilmb_bram_if_cntlr'
Parsing XDC File [c:/Users/Balazs/Desktop/MSC1/FPGA/homework/HDMI_FIR_Homework.gen/sources_1/bd/cpu_hdmi_system/ip/cpu_hdmi_system_lmb_bram_0/cpu_hdmi_system_lmb_bram_0/cpu_hdmi_system_lmb_bram_0_in_context.xdc] for cell 'processor_inst/inst/microblaze_riscv_0_local_memory/lmb_bram'
Finished Parsing XDC File [c:/Users/Balazs/Desktop/MSC1/FPGA/homework/HDMI_FIR_Homework.gen/sources_1/bd/cpu_hdmi_system/ip/cpu_hdmi_system_lmb_bram_0/cpu_hdmi_system_lmb_bram_0/cpu_hdmi_system_lmb_bram_0_in_context.xdc] for cell 'processor_inst/inst/microblaze_riscv_0_local_memory/lmb_bram'
Parsing XDC File [c:/Users/Balazs/Desktop/MSC1/FPGA/homework/HDMI_FIR_Homework.gen/sources_1/bd/cpu_hdmi_system/ip/cpu_hdmi_system_microblaze_riscv_0_axi_periph_0/cpu_hdmi_system_microblaze_riscv_0_axi_periph_0/cpu_hdmi_system_microblaze_riscv_0_axi_periph_0_in_context.xdc] for cell 'processor_inst/inst/microblaze_riscv_0_axi_periph'
Finished Parsing XDC File [c:/Users/Balazs/Desktop/MSC1/FPGA/homework/HDMI_FIR_Homework.gen/sources_1/bd/cpu_hdmi_system/ip/cpu_hdmi_system_microblaze_riscv_0_axi_periph_0/cpu_hdmi_system_microblaze_riscv_0_axi_periph_0/cpu_hdmi_system_microblaze_riscv_0_axi_periph_0_in_context.xdc] for cell 'processor_inst/inst/microblaze_riscv_0_axi_periph'
Parsing XDC File [c:/Users/Balazs/Desktop/MSC1/FPGA/homework/HDMI_FIR_Homework.gen/sources_1/bd/cpu_hdmi_system/ip/cpu_hdmi_system_mdm_1_0/cpu_hdmi_system_mdm_1_0/cpu_hdmi_system_mdm_1_0_in_context.xdc] for cell 'processor_inst/inst/mdm_1'
Finished Parsing XDC File [c:/Users/Balazs/Desktop/MSC1/FPGA/homework/HDMI_FIR_Homework.gen/sources_1/bd/cpu_hdmi_system/ip/cpu_hdmi_system_mdm_1_0/cpu_hdmi_system_mdm_1_0/cpu_hdmi_system_mdm_1_0_in_context.xdc] for cell 'processor_inst/inst/mdm_1'
Parsing XDC File [c:/Users/Balazs/Desktop/MSC1/FPGA/homework/HDMI_FIR_Homework.gen/sources_1/bd/cpu_hdmi_system/ip/cpu_hdmi_system_clk_wiz_1_0/cpu_hdmi_system_clk_wiz_1_0/cpu_hdmi_system_clk_wiz_1_0_in_context.xdc] for cell 'processor_inst/inst/clk_wiz_1'
Finished Parsing XDC File [c:/Users/Balazs/Desktop/MSC1/FPGA/homework/HDMI_FIR_Homework.gen/sources_1/bd/cpu_hdmi_system/ip/cpu_hdmi_system_clk_wiz_1_0/cpu_hdmi_system_clk_wiz_1_0/cpu_hdmi_system_clk_wiz_1_0_in_context.xdc] for cell 'processor_inst/inst/clk_wiz_1'
Parsing XDC File [c:/Users/Balazs/Desktop/MSC1/FPGA/homework/HDMI_FIR_Homework.gen/sources_1/bd/cpu_hdmi_system/ip/cpu_hdmi_system_rst_clk_wiz_1_100M_0/cpu_hdmi_system_rst_clk_wiz_1_100M_0/cpu_hdmi_system_rst_clk_wiz_1_100M_0_in_context.xdc] for cell 'processor_inst/inst/rst_clk_wiz_1_100M'
Finished Parsing XDC File [c:/Users/Balazs/Desktop/MSC1/FPGA/homework/HDMI_FIR_Homework.gen/sources_1/bd/cpu_hdmi_system/ip/cpu_hdmi_system_rst_clk_wiz_1_100M_0/cpu_hdmi_system_rst_clk_wiz_1_100M_0/cpu_hdmi_system_rst_clk_wiz_1_100M_0_in_context.xdc] for cell 'processor_inst/inst/rst_clk_wiz_1_100M'
Parsing XDC File [c:/Users/Balazs/Desktop/MSC1/FPGA/homework/HDMI_FIR_Homework.gen/sources_1/bd/cpu_hdmi_system/ip/cpu_hdmi_system_axi_uartlite_0_0/cpu_hdmi_system_axi_uartlite_0_0/cpu_hdmi_system_axi_uartlite_0_0_in_context.xdc] for cell 'processor_inst/inst/axi_uartlite_0'
Finished Parsing XDC File [c:/Users/Balazs/Desktop/MSC1/FPGA/homework/HDMI_FIR_Homework.gen/sources_1/bd/cpu_hdmi_system/ip/cpu_hdmi_system_axi_uartlite_0_0/cpu_hdmi_system_axi_uartlite_0_0/cpu_hdmi_system_axi_uartlite_0_0_in_context.xdc] for cell 'processor_inst/inst/axi_uartlite_0'
Parsing XDC File [c:/Users/Balazs/Desktop/MSC1/FPGA/homework/HDMI_FIR_Homework.gen/sources_1/bd/cpu_hdmi_system/ip/cpu_hdmi_system_fir_coeff_bank_axi_0_2/cpu_hdmi_system_fir_coeff_bank_axi_0_2/cpu_hdmi_system_fir_coeff_bank_axi_0_2_in_context.xdc] for cell 'processor_inst/inst/fir_coeff_bank_axi_0'
Finished Parsing XDC File [c:/Users/Balazs/Desktop/MSC1/FPGA/homework/HDMI_FIR_Homework.gen/sources_1/bd/cpu_hdmi_system/ip/cpu_hdmi_system_fir_coeff_bank_axi_0_2/cpu_hdmi_system_fir_coeff_bank_axi_0_2/cpu_hdmi_system_fir_coeff_bank_axi_0_2_in_context.xdc] for cell 'processor_inst/inst/fir_coeff_bank_axi_0'
Parsing XDC File [C:/Users/Balazs/Desktop/MSC1/FPGA/homework/HDMI_FIR_Homework.srcs/constrs_1/imports/constr/chipscope.xdc]
Finished Parsing XDC File [C:/Users/Balazs/Desktop/MSC1/FPGA/homework/HDMI_FIR_Homework.srcs/constrs_1/imports/constr/chipscope.xdc]
Parsing XDC File [C:/Users/Balazs/Desktop/MSC1/FPGA/homework/HDMI_FIR_Homework.srcs/constrs_1/imports/constr/hdmi_top.xdc]
WARNING: [Constraints 18-619] A clock with name 'clk100M' already exists, overwriting the previous clock with the same name. [C:/Users/Balazs/Desktop/MSC1/FPGA/homework/HDMI_FIR_Homework.srcs/constrs_1/imports/constr/hdmi_top.xdc:57]
INFO: [Timing 38-2] Deriving generated clocks [C:/Users/Balazs/Desktop/MSC1/FPGA/homework/HDMI_FIR_Homework.srcs/constrs_1/imports/constr/hdmi_top.xdc:62]
WARNING: [Vivado 12-627] No clocks matched 'clk_out1_cpu_hdmi_system_clk_wiz_1_0'. [C:/Users/Balazs/Desktop/MSC1/FPGA/homework/HDMI_FIR_Homework.srcs/constrs_1/imports/constr/hdmi_top.xdc:62]
INFO: [Vivado 12-626] No clocks found. Please use 'create_clock' or 'create_generated_clock' command to create clocks. [C:/Users/Balazs/Desktop/MSC1/FPGA/homework/HDMI_FIR_Homework.srcs/constrs_1/imports/constr/hdmi_top.xdc:62]
WARNING: [Vivado 12-627] No clocks matched 'mmcm_clkout2'. [C:/Users/Balazs/Desktop/MSC1/FPGA/homework/HDMI_FIR_Homework.srcs/constrs_1/imports/constr/hdmi_top.xdc:62]
INFO: [Vivado 12-626] No clocks found. Please use 'create_clock' or 'create_generated_clock' command to create clocks. [C:/Users/Balazs/Desktop/MSC1/FPGA/homework/HDMI_FIR_Homework.srcs/constrs_1/imports/constr/hdmi_top.xdc:62]
WARNING: [Vivado 12-627] No clocks matched 'mmcm_clkout2'. [C:/Users/Balazs/Desktop/MSC1/FPGA/homework/HDMI_FIR_Homework.srcs/constrs_1/imports/constr/hdmi_top.xdc:63]
INFO: [Vivado 12-626] No clocks found. Please use 'create_clock' or 'create_generated_clock' command to create clocks. [C:/Users/Balazs/Desktop/MSC1/FPGA/homework/HDMI_FIR_Homework.srcs/constrs_1/imports/constr/hdmi_top.xdc:63]
WARNING: [Vivado 12-627] No clocks matched 'clk_out1_cpu_hdmi_system_clk_wiz_1_0'. [C:/Users/Balazs/Desktop/MSC1/FPGA/homework/HDMI_FIR_Homework.srcs/constrs_1/imports/constr/hdmi_top.xdc:63]
INFO: [Vivado 12-626] No clocks found. Please use 'create_clock' or 'create_generated_clock' command to create clocks. [C:/Users/Balazs/Desktop/MSC1/FPGA/homework/HDMI_FIR_Homework.srcs/constrs_1/imports/constr/hdmi_top.xdc:63]
WARNING: [Vivado 12-507] No nets matched 'hdmi_rx_0/mmcm_clkin'. [C:/Users/Balazs/Desktop/MSC1/FPGA/homework/HDMI_FIR_Homework.srcs/constrs_1/imports/constr/hdmi_top.xdc:65]
Finished Parsing XDC File [C:/Users/Balazs/Desktop/MSC1/FPGA/homework/HDMI_FIR_Homework.srcs/constrs_1/imports/constr/hdmi_top.xdc]
WARNING: [Project 1-498] One or more constraints failed evaluation while reading constraint file [C:/Users/Balazs/Desktop/MSC1/FPGA/homework/HDMI_FIR_Homework.srcs/constrs_1/imports/constr/hdmi_top.xdc] and the design contains unresolved black boxes. These constraints will be read post-synthesis (as long as their source constraint file is marked as used_in_implementation) and should be applied correctly then. You should review the constraints listed in the file [.Xil/hdmi_top_propImpl.xdc] and check the run log file to verify that these constraints were correctly applied.
INFO: [Project 1-236] Implementation specific constraints were found while reading constraint file [C:/Users/Balazs/Desktop/MSC1/FPGA/homework/HDMI_FIR_Homework.srcs/constrs_1/imports/constr/hdmi_top.xdc]. These constraints will be ignored for synthesis but will be used in implementation. Impacted constraints are listed in the file [.Xil/hdmi_top_propImpl.xdc].
Resolution: To avoid this warning, move constraints listed in [.Xil/hdmi_top_propImpl.xdc] to another XDC file and exclude this new file from synthesis with the used_in_synthesis property (File Properties dialog in GUI) and re-run elaboration/synthesis.
Parsing XDC File [C:/Users/Balazs/Desktop/MSC1/FPGA/homework/HDMI_FIR_Homework.runs/synth_1/dont_touch.xdc]
Finished Parsing XDC File [C:/Users/Balazs/Desktop/MSC1/FPGA/homework/HDMI_FIR_Homework.runs/synth_1/dont_touch.xdc]
Completed Processing XDC Constraints

Netlist sorting complete. Time (s): cpu = 00:00:00 ; elapsed = 00:00:00.005 . Memory (MB): peak = 1482.004 ; gain = 0.000
INFO: [Project 1-111] Unisim Transformation Summary:
  A total of 1 instances were transformed.
  PLLE2_BASE => PLLE2_ADV: 1 instance 

Constraint Validation Runtime : Time (s): cpu = 00:00:00 ; elapsed = 00:00:00.118 . Memory (MB): peak = 1482.004 ; gain = 0.000
WARNING: [Timing 38-316] Clock period '20.000' specified during out-of-context synthesis of instance 'processor_inst/inst/microblaze_riscv_0_local_memory/lmb_bram' at clock pin 'clka' is different from the actual clock period '10.000', this can lead to different synthesis results.
INFO: [Designutils 20-5440] No compile time benefit to using incremental synthesis; A full resynthesis will be run
INFO: [Designutils 20-4379] Flow is switching to default flow due to incremental criteria not met. If you would like to alter this behaviour and have the flow terminate instead, please set the following parameter config_implementation {autoIncr.Synth.RejectBehavior Terminate}
---------------------------------------------------------------------------------
Finished Constraint Validation : Time (s): cpu = 00:00:38 ; elapsed = 00:00:40 . Memory (MB): peak = 1482.004 ; gain = 719.023
---------------------------------------------------------------------------------
---------------------------------------------------------------------------------
Start Loading Part and Timing Information
---------------------------------------------------------------------------------
Loading part: xc7k70tfbg676-1
---------------------------------------------------------------------------------
Finished Loading Part and Timing Information : Time (s): cpu = 00:00:38 ; elapsed = 00:00:40 . Memory (MB): peak = 1482.004 ; gain = 719.023
---------------------------------------------------------------------------------
---------------------------------------------------------------------------------
Start Applying 'set_property' XDC Constraints
---------------------------------------------------------------------------------
---------------------------------------------------------------------------------
Finished applying 'set_property' XDC Constraints : Time (s): cpu = 00:00:38 ; elapsed = 00:00:41 . Memory (MB): peak = 1482.004 ; gain = 719.023
---------------------------------------------------------------------------------
---------------------------------------------------------------------------------
Finished RTL Optimization Phase 2 : Time (s): cpu = 00:00:38 ; elapsed = 00:00:41 . Memory (MB): peak = 1482.004 ; gain = 719.023
---------------------------------------------------------------------------------
---------------------------------------------------------------------------------
Start RTL Component Statistics 
---------------------------------------------------------------------------------
Detailed RTL Component Info : 
+---Adders : 
	   5 Input   48 Bit       Adders := 1     
	   2 Input   11 Bit       Adders := 1     
	   3 Input    9 Bit       Adders := 2     
+---Registers : 
	               25 Bit    Registers := 45    
	               18 Bit    Registers := 25    
	               11 Bit    Registers := 4     
	                9 Bit    Registers := 2     
	                8 Bit    Registers := 23    
	                6 Bit    Registers := 3     
	                1 Bit    Registers := 39    
+---RAMs : 
	              16K Bit	(2048 X 8 bit)          RAMs := 4     
+---Muxes : 
	   3 Input   11 Bit        Muxes := 1     
---------------------------------------------------------------------------------
Finished RTL Component Statistics 
---------------------------------------------------------------------------------
---------------------------------------------------------------------------------
Start Part Resource Summary
---------------------------------------------------------------------------------
Part Resources:
DSPs: 240 (col length:80)
BRAMs: 270 (col length: RAMB18 80 RAMB36 40)
---------------------------------------------------------------------------------
Finished Part Resource Summary
---------------------------------------------------------------------------------
---------------------------------------------------------------------------------
Start Cross Boundary and Area Optimization
---------------------------------------------------------------------------------
DSP Report: Generating DSP rgb2y_0/dsp_0/p_reg_reg, operation Mode is: (C'+((A:0x6cd9)''*B2)')'.
DSP Report: register rgb2y_0/dsp_0/pa_res_reg is absorbed into DSP rgb2y_0/dsp_0/p_reg_reg.
DSP Report: register rgb2y_0/dsp_0/k_reg_reg[0] is absorbed into DSP rgb2y_0/dsp_0/p_reg_reg.
DSP Report: register rgb2y_0/dsp_0/k_reg_reg[1] is absorbed into DSP rgb2y_0/dsp_0/p_reg_reg.
DSP Report: register rgb2y_0/dsp_0/p_reg_reg is absorbed into DSP rgb2y_0/dsp_0/p_reg_reg.
DSP Report: register rgb2y_0/dsp_0/p_reg_reg is absorbed into DSP rgb2y_0/dsp_0/p_reg_reg.
DSP Report: register rgb2y_0/dsp_0/m_reg_reg is absorbed into DSP rgb2y_0/dsp_0/p_reg_reg.
DSP Report: operator rgb2y_0/dsp_0/p_reg0 is absorbed into DSP rgb2y_0/dsp_0/p_reg_reg.
DSP Report: operator rgb2y_0/dsp_0/m_reg0 is absorbed into DSP rgb2y_0/dsp_0/p_reg_reg.
DSP Report: Generating DSP rgb2y_0/dsp_1/p_reg_reg, operation Mode is: (PCIN+((A:0x24f7)''*B2)')'.
DSP Report: register rgb2y_0/dsp_1/pa_res_reg is absorbed into DSP rgb2y_0/dsp_1/p_reg_reg.
DSP Report: register rgb2y_0/dsp_1/k_reg_reg[0] is absorbed into DSP rgb2y_0/dsp_1/p_reg_reg.
DSP Report: register rgb2y_0/dsp_1/k_reg_reg[1] is absorbed into DSP rgb2y_0/dsp_1/p_reg_reg.
DSP Report: register rgb2y_0/dsp_1/p_reg_reg is absorbed into DSP rgb2y_0/dsp_1/p_reg_reg.
DSP Report: register rgb2y_0/dsp_1/m_reg_reg is absorbed into DSP rgb2y_0/dsp_1/p_reg_reg.
DSP Report: operator rgb2y_0/dsp_1/p_reg0 is absorbed into DSP rgb2y_0/dsp_1/p_reg_reg.
DSP Report: operator rgb2y_0/dsp_1/m_reg0 is absorbed into DSP rgb2y_0/dsp_1/p_reg_reg.
DSP Report: Generating DSP fir_0/row_0/dsp_cell_0/p_reg_reg, operation Mode is: (A2*B2)'.
DSP Report: register fir_0/row_0/dsp_cell_0/b_reg_reg[0] is absorbed into DSP fir_0/row_0/dsp_cell_0/p_reg_reg.
DSP Report: register fir_0/row_0/dsp_cell_0/p_reg_reg is absorbed into DSP fir_0/row_0/dsp_cell_0/p_reg_reg.
DSP Report: register fir_0/row_0/dsp_cell_0/p_reg_reg is absorbed into DSP fir_0/row_0/dsp_cell_0/p_reg_reg.
DSP Report: register fir_0/row_0/dsp_cell_0/m_reg_reg is absorbed into DSP fir_0/row_0/dsp_cell_0/p_reg_reg.
DSP Report: operator fir_0/row_0/dsp_cell_0/p_reg0 is absorbed into DSP fir_0/row_0/dsp_cell_0/p_reg_reg.
DSP Report: operator fir_0/row_0/dsp_cell_0/m_reg0 is absorbed into DSP fir_0/row_0/dsp_cell_0/p_reg_reg.
DSP Report: Generating DSP fir_0/row_0/dsp_cell_1/p_reg_reg, operation Mode is: (PCIN+(A''*B2)')'.
DSP Report: register fir_0/row_0/dsp_cell_1/b_reg_reg[0] is absorbed into DSP fir_0/row_0/dsp_cell_1/p_reg_reg.
DSP Report: register fir_0/row_0/dsp_cell_1/p_reg_reg is absorbed into DSP fir_0/row_0/dsp_cell_1/p_reg_reg.
DSP Report: register fir_0/row_0/dsp_cell_1/p_reg_reg is absorbed into DSP fir_0/row_0/dsp_cell_1/p_reg_reg.
DSP Report: register fir_0/row_0/dsp_cell_1/p_reg_reg is absorbed into DSP fir_0/row_0/dsp_cell_1/p_reg_reg.
DSP Report: register fir_0/row_0/dsp_cell_1/m_reg_reg is absorbed into DSP fir_0/row_0/dsp_cell_1/p_reg_reg.
DSP Report: operator fir_0/row_0/dsp_cell_1/p_reg0 is absorbed into DSP fir_0/row_0/dsp_cell_1/p_reg_reg.
DSP Report: operator fir_0/row_0/dsp_cell_1/m_reg0 is absorbed into DSP fir_0/row_0/dsp_cell_1/p_reg_reg.
DSP Report: Generating DSP fir_0/row_0/dsp_cell_2/p_reg_reg, operation Mode is: (PCIN+(A''*B2)')'.
DSP Report: register fir_0/row_0/dsp_cell_2/b_reg_reg[0] is absorbed into DSP fir_0/row_0/dsp_cell_2/p_reg_reg.
DSP Report: register fir_0/row_0/dsp_cell_2/p_reg_reg is absorbed into DSP fir_0/row_0/dsp_cell_2/p_reg_reg.
DSP Report: register fir_0/row_0/dsp_cell_2/p_reg_reg is absorbed into DSP fir_0/row_0/dsp_cell_2/p_reg_reg.
DSP Report: register fir_0/row_0/dsp_cell_2/p_reg_reg is absorbed into DSP fir_0/row_0/dsp_cell_2/p_reg_reg.
DSP Report: register fir_0/row_0/dsp_cell_2/m_reg_reg is absorbed into DSP fir_0/row_0/dsp_cell_2/p_reg_reg.
DSP Report: operator fir_0/row_0/dsp_cell_2/p_reg0 is absorbed into DSP fir_0/row_0/dsp_cell_2/p_reg_reg.
DSP Report: operator fir_0/row_0/dsp_cell_2/m_reg0 is absorbed into DSP fir_0/row_0/dsp_cell_2/p_reg_reg.
DSP Report: Generating DSP fir_0/row_0/dsp_cell_3/p_reg_reg, operation Mode is: (PCIN+(A''*B2)')'.
DSP Report: register fir_0/row_0/dsp_cell_3/b_reg_reg[0] is absorbed into DSP fir_0/row_0/dsp_cell_3/p_reg_reg.
DSP Report: register fir_0/row_0/dsp_cell_3/p_reg_reg is absorbed into DSP fir_0/row_0/dsp_cell_3/p_reg_reg.
DSP Report: register fir_0/row_0/dsp_cell_3/p_reg_reg is absorbed into DSP fir_0/row_0/dsp_cell_3/p_reg_reg.
DSP Report: register fir_0/row_0/dsp_cell_3/p_reg_reg is absorbed into DSP fir_0/row_0/dsp_cell_3/p_reg_reg.
DSP Report: register fir_0/row_0/dsp_cell_3/m_reg_reg is absorbed into DSP fir_0/row_0/dsp_cell_3/p_reg_reg.
DSP Report: operator fir_0/row_0/dsp_cell_3/p_reg0 is absorbed into DSP fir_0/row_0/dsp_cell_3/p_reg_reg.
DSP Report: operator fir_0/row_0/dsp_cell_3/m_reg0 is absorbed into DSP fir_0/row_0/dsp_cell_3/p_reg_reg.
DSP Report: Generating DSP fir_0/row_0/dsp_cell_4/p_reg_reg, operation Mode is: (PCIN+(A''*B2)')'.
DSP Report: register fir_0/row_0/dsp_cell_4/b_reg_reg[0] is absorbed into DSP fir_0/row_0/dsp_cell_4/p_reg_reg.
DSP Report: register fir_0/row_0/dsp_cell_4/p_reg_reg is absorbed into DSP fir_0/row_0/dsp_cell_4/p_reg_reg.
DSP Report: register fir_0/row_0/dsp_cell_4/p_reg_reg is absorbed into DSP fir_0/row_0/dsp_cell_4/p_reg_reg.
DSP Report: register fir_0/row_0/dsp_cell_4/p_reg_reg is absorbed into DSP fir_0/row_0/dsp_cell_4/p_reg_reg.
DSP Report: register fir_0/row_0/dsp_cell_4/m_reg_reg is absorbed into DSP fir_0/row_0/dsp_cell_4/p_reg_reg.
DSP Report: operator fir_0/row_0/dsp_cell_4/p_reg0 is absorbed into DSP fir_0/row_0/dsp_cell_4/p_reg_reg.
DSP Report: operator fir_0/row_0/dsp_cell_4/m_reg0 is absorbed into DSP fir_0/row_0/dsp_cell_4/p_reg_reg.
DSP Report: Generating DSP fir_0/row_4/dsp_cell_0/p_reg_reg, operation Mode is: (A2*B2)'.
DSP Report: register fir_0/row_4/dsp_cell_0/b_reg_reg[0] is absorbed into DSP fir_0/row_4/dsp_cell_0/p_reg_reg.
DSP Report: register fir_0/row_4/dsp_cell_0/a_reg_reg[0] is absorbed into DSP fir_0/row_4/dsp_cell_0/p_reg_reg.
DSP Report: register fir_0/row_4/dsp_cell_0/p_reg_reg is absorbed into DSP fir_0/row_4/dsp_cell_0/p_reg_reg.
DSP Report: register fir_0/row_4/dsp_cell_0/m_reg_reg is absorbed into DSP fir_0/row_4/dsp_cell_0/p_reg_reg.
DSP Report: operator fir_0/row_4/dsp_cell_0/p_reg0 is absorbed into DSP fir_0/row_4/dsp_cell_0/p_reg_reg.
DSP Report: operator fir_0/row_4/dsp_cell_0/m_reg0 is absorbed into DSP fir_0/row_4/dsp_cell_0/p_reg_reg.
DSP Report: Generating DSP fir_0/row_4/dsp_cell_1/p_reg_reg, operation Mode is: (PCIN+(ACIN''*B2)')'.
DSP Report: register fir_0/row_4/dsp_cell_1/b_reg_reg[0] is absorbed into DSP fir_0/row_4/dsp_cell_1/p_reg_reg.
DSP Report: register fir_0/row_4/dsp_cell_1/a_reg_reg[0] is absorbed into DSP fir_0/row_4/dsp_cell_1/p_reg_reg.
DSP Report: register fir_0/row_4/dsp_cell_1/a_reg_reg[1] is absorbed into DSP fir_0/row_4/dsp_cell_1/p_reg_reg.
DSP Report: register fir_0/row_4/dsp_cell_1/p_reg_reg is absorbed into DSP fir_0/row_4/dsp_cell_1/p_reg_reg.
DSP Report: register fir_0/row_4/dsp_cell_1/m_reg_reg is absorbed into DSP fir_0/row_4/dsp_cell_1/p_reg_reg.
DSP Report: operator fir_0/row_4/dsp_cell_1/p_reg0 is absorbed into DSP fir_0/row_4/dsp_cell_1/p_reg_reg.
DSP Report: operator fir_0/row_4/dsp_cell_1/m_reg0 is absorbed into DSP fir_0/row_4/dsp_cell_1/p_reg_reg.
DSP Report: Generating DSP fir_0/row_4/dsp_cell_2/p_reg_reg, operation Mode is: (PCIN+(ACIN''*B2)')'.
DSP Report: register fir_0/row_4/dsp_cell_2/b_reg_reg[0] is absorbed into DSP fir_0/row_4/dsp_cell_2/p_reg_reg.
DSP Report: register fir_0/row_4/dsp_cell_2/a_reg_reg[0] is absorbed into DSP fir_0/row_4/dsp_cell_2/p_reg_reg.
DSP Report: register fir_0/row_4/dsp_cell_2/a_reg_reg[1] is absorbed into DSP fir_0/row_4/dsp_cell_2/p_reg_reg.
DSP Report: register fir_0/row_4/dsp_cell_2/p_reg_reg is absorbed into DSP fir_0/row_4/dsp_cell_2/p_reg_reg.
DSP Report: register fir_0/row_4/dsp_cell_2/m_reg_reg is absorbed into DSP fir_0/row_4/dsp_cell_2/p_reg_reg.
DSP Report: operator fir_0/row_4/dsp_cell_2/p_reg0 is absorbed into DSP fir_0/row_4/dsp_cell_2/p_reg_reg.
DSP Report: operator fir_0/row_4/dsp_cell_2/m_reg0 is absorbed into DSP fir_0/row_4/dsp_cell_2/p_reg_reg.
DSP Report: Generating DSP fir_0/row_4/dsp_cell_3/p_reg_reg, operation Mode is: (PCIN+(ACIN''*B2)')'.
DSP Report: register fir_0/row_4/dsp_cell_3/b_reg_reg[0] is absorbed into DSP fir_0/row_4/dsp_cell_3/p_reg_reg.
DSP Report: register fir_0/row_4/dsp_cell_3/a_reg_reg[0] is absorbed into DSP fir_0/row_4/dsp_cell_3/p_reg_reg.
DSP Report: register fir_0/row_4/dsp_cell_3/a_reg_reg[1] is absorbed into DSP fir_0/row_4/dsp_cell_3/p_reg_reg.
DSP Report: register fir_0/row_4/dsp_cell_3/p_reg_reg is absorbed into DSP fir_0/row_4/dsp_cell_3/p_reg_reg.
DSP Report: register fir_0/row_4/dsp_cell_3/m_reg_reg is absorbed into DSP fir_0/row_4/dsp_cell_3/p_reg_reg.
DSP Report: operator fir_0/row_4/dsp_cell_3/p_reg0 is absorbed into DSP fir_0/row_4/dsp_cell_3/p_reg_reg.
DSP Report: operator fir_0/row_4/dsp_cell_3/m_reg0 is absorbed into DSP fir_0/row_4/dsp_cell_3/p_reg_reg.
DSP Report: Generating DSP fir_0/row_4/dsp_cell_4/p_reg_reg, operation Mode is: (PCIN+(ACIN''*B2)')'.
DSP Report: register fir_0/row_4/dsp_cell_4/b_reg_reg[0] is absorbed into DSP fir_0/row_4/dsp_cell_4/p_reg_reg.
DSP Report: register fir_0/row_4/dsp_cell_4/a_reg_reg[0] is absorbed into DSP fir_0/row_4/dsp_cell_4/p_reg_reg.
DSP Report: register fir_0/row_4/dsp_cell_4/a_reg_reg[1] is absorbed into DSP fir_0/row_4/dsp_cell_4/p_reg_reg.
DSP Report: register fir_0/row_4/dsp_cell_4/p_reg_reg is absorbed into DSP fir_0/row_4/dsp_cell_4/p_reg_reg.
DSP Report: register fir_0/row_4/dsp_cell_4/m_reg_reg is absorbed into DSP fir_0/row_4/dsp_cell_4/p_reg_reg.
DSP Report: operator fir_0/row_4/dsp_cell_4/p_reg0 is absorbed into DSP fir_0/row_4/dsp_cell_4/p_reg_reg.
DSP Report: operator fir_0/row_4/dsp_cell_4/m_reg0 is absorbed into DSP fir_0/row_4/dsp_cell_4/p_reg_reg.
DSP Report: Generating DSP fir_0/row_3/dsp_cell_0/p_reg_reg, operation Mode is: (A2*B2)'.
DSP Report: register fir_0/row_3/dsp_cell_0/b_reg_reg[0] is absorbed into DSP fir_0/row_3/dsp_cell_0/p_reg_reg.
DSP Report: register fir_0/row_3/dsp_cell_0/p_reg_reg is absorbed into DSP fir_0/row_3/dsp_cell_0/p_reg_reg.
DSP Report: register fir_0/row_3/dsp_cell_0/p_reg_reg is absorbed into DSP fir_0/row_3/dsp_cell_0/p_reg_reg.
DSP Report: register fir_0/row_3/dsp_cell_0/m_reg_reg is absorbed into DSP fir_0/row_3/dsp_cell_0/p_reg_reg.
DSP Report: operator fir_0/row_3/dsp_cell_0/p_reg0 is absorbed into DSP fir_0/row_3/dsp_cell_0/p_reg_reg.
DSP Report: operator fir_0/row_3/dsp_cell_0/m_reg0 is absorbed into DSP fir_0/row_3/dsp_cell_0/p_reg_reg.
DSP Report: Generating DSP fir_0/row_3/dsp_cell_1/p_reg_reg, operation Mode is: (PCIN+(A''*B2)')'.
DSP Report: register fir_0/row_3/dsp_cell_1/b_reg_reg[0] is absorbed into DSP fir_0/row_3/dsp_cell_1/p_reg_reg.
DSP Report: register fir_0/row_3/dsp_cell_1/p_reg_reg is absorbed into DSP fir_0/row_3/dsp_cell_1/p_reg_reg.
DSP Report: register fir_0/row_3/dsp_cell_1/p_reg_reg is absorbed into DSP fir_0/row_3/dsp_cell_1/p_reg_reg.
DSP Report: register fir_0/row_3/dsp_cell_1/p_reg_reg is absorbed into DSP fir_0/row_3/dsp_cell_1/p_reg_reg.
DSP Report: register fir_0/row_3/dsp_cell_1/m_reg_reg is absorbed into DSP fir_0/row_3/dsp_cell_1/p_reg_reg.
DSP Report: operator fir_0/row_3/dsp_cell_1/p_reg0 is absorbed into DSP fir_0/row_3/dsp_cell_1/p_reg_reg.
DSP Report: operator fir_0/row_3/dsp_cell_1/m_reg0 is absorbed into DSP fir_0/row_3/dsp_cell_1/p_reg_reg.
DSP Report: Generating DSP fir_0/row_3/dsp_cell_2/p_reg_reg, operation Mode is: (PCIN+(A''*B2)')'.
DSP Report: register fir_0/row_3/dsp_cell_2/b_reg_reg[0] is absorbed into DSP fir_0/row_3/dsp_cell_2/p_reg_reg.
DSP Report: register fir_0/row_3/dsp_cell_2/p_reg_reg is absorbed into DSP fir_0/row_3/dsp_cell_2/p_reg_reg.
DSP Report: register fir_0/row_3/dsp_cell_2/p_reg_reg is absorbed into DSP fir_0/row_3/dsp_cell_2/p_reg_reg.
DSP Report: register fir_0/row_3/dsp_cell_2/p_reg_reg is absorbed into DSP fir_0/row_3/dsp_cell_2/p_reg_reg.
DSP Report: register fir_0/row_3/dsp_cell_2/m_reg_reg is absorbed into DSP fir_0/row_3/dsp_cell_2/p_reg_reg.
DSP Report: operator fir_0/row_3/dsp_cell_2/p_reg0 is absorbed into DSP fir_0/row_3/dsp_cell_2/p_reg_reg.
DSP Report: operator fir_0/row_3/dsp_cell_2/m_reg0 is absorbed into DSP fir_0/row_3/dsp_cell_2/p_reg_reg.
DSP Report: Generating DSP fir_0/row_3/dsp_cell_3/p_reg_reg, operation Mode is: (PCIN+(A''*B2)')'.
DSP Report: register fir_0/row_3/dsp_cell_3/b_reg_reg[0] is absorbed into DSP fir_0/row_3/dsp_cell_3/p_reg_reg.
DSP Report: register fir_0/row_3/dsp_cell_3/p_reg_reg is absorbed into DSP fir_0/row_3/dsp_cell_3/p_reg_reg.
DSP Report: register fir_0/row_3/dsp_cell_3/p_reg_reg is absorbed into DSP fir_0/row_3/dsp_cell_3/p_reg_reg.
DSP Report: register fir_0/row_3/dsp_cell_3/p_reg_reg is absorbed into DSP fir_0/row_3/dsp_cell_3/p_reg_reg.
DSP Report: register fir_0/row_3/dsp_cell_3/m_reg_reg is absorbed into DSP fir_0/row_3/dsp_cell_3/p_reg_reg.
DSP Report: operator fir_0/row_3/dsp_cell_3/p_reg0 is absorbed into DSP fir_0/row_3/dsp_cell_3/p_reg_reg.
DSP Report: operator fir_0/row_3/dsp_cell_3/m_reg0 is absorbed into DSP fir_0/row_3/dsp_cell_3/p_reg_reg.
DSP Report: Generating DSP fir_0/row_3/dsp_cell_4/p_reg_reg, operation Mode is: (PCIN+(A''*B2)')'.
DSP Report: register fir_0/row_3/dsp_cell_4/b_reg_reg[0] is absorbed into DSP fir_0/row_3/dsp_cell_4/p_reg_reg.
DSP Report: register fir_0/row_3/dsp_cell_4/p_reg_reg is absorbed into DSP fir_0/row_3/dsp_cell_4/p_reg_reg.
DSP Report: register fir_0/row_3/dsp_cell_4/p_reg_reg is absorbed into DSP fir_0/row_3/dsp_cell_4/p_reg_reg.
DSP Report: register fir_0/row_3/dsp_cell_4/p_reg_reg is absorbed into DSP fir_0/row_3/dsp_cell_4/p_reg_reg.
DSP Report: register fir_0/row_3/dsp_cell_4/m_reg_reg is absorbed into DSP fir_0/row_3/dsp_cell_4/p_reg_reg.
DSP Report: operator fir_0/row_3/dsp_cell_4/p_reg0 is absorbed into DSP fir_0/row_3/dsp_cell_4/p_reg_reg.
DSP Report: operator fir_0/row_3/dsp_cell_4/m_reg0 is absorbed into DSP fir_0/row_3/dsp_cell_4/p_reg_reg.
DSP Report: Generating DSP fir_0/row_sum_total, operation Mode is: PCIN+A:B+C.
DSP Report: operator fir_0/row_sum_total is absorbed into DSP fir_0/row_sum_total.
DSP Report: Generating DSP fir_0/row_2/dsp_cell_0/p_reg_reg, operation Mode is: (A2*B2)'.
DSP Report: register fir_0/row_2/dsp_cell_0/b_reg_reg[0] is absorbed into DSP fir_0/row_2/dsp_cell_0/p_reg_reg.
DSP Report: register fir_0/row_2/dsp_cell_0/p_reg_reg is absorbed into DSP fir_0/row_2/dsp_cell_0/p_reg_reg.
DSP Report: register fir_0/row_2/dsp_cell_0/p_reg_reg is absorbed into DSP fir_0/row_2/dsp_cell_0/p_reg_reg.
DSP Report: register fir_0/row_2/dsp_cell_0/m_reg_reg is absorbed into DSP fir_0/row_2/dsp_cell_0/p_reg_reg.
DSP Report: operator fir_0/row_2/dsp_cell_0/p_reg0 is absorbed into DSP fir_0/row_2/dsp_cell_0/p_reg_reg.
DSP Report: operator fir_0/row_2/dsp_cell_0/m_reg0 is absorbed into DSP fir_0/row_2/dsp_cell_0/p_reg_reg.
DSP Report: Generating DSP fir_0/row_2/dsp_cell_1/p_reg_reg, operation Mode is: (PCIN+(A''*B2)')'.
DSP Report: register fir_0/row_2/dsp_cell_1/b_reg_reg[0] is absorbed into DSP fir_0/row_2/dsp_cell_1/p_reg_reg.
DSP Report: register fir_0/row_2/dsp_cell_1/p_reg_reg is absorbed into DSP fir_0/row_2/dsp_cell_1/p_reg_reg.
DSP Report: register fir_0/row_2/dsp_cell_1/p_reg_reg is absorbed into DSP fir_0/row_2/dsp_cell_1/p_reg_reg.
DSP Report: register fir_0/row_2/dsp_cell_1/p_reg_reg is absorbed into DSP fir_0/row_2/dsp_cell_1/p_reg_reg.
DSP Report: register fir_0/row_2/dsp_cell_1/m_reg_reg is absorbed into DSP fir_0/row_2/dsp_cell_1/p_reg_reg.
DSP Report: operator fir_0/row_2/dsp_cell_1/p_reg0 is absorbed into DSP fir_0/row_2/dsp_cell_1/p_reg_reg.
DSP Report: operator fir_0/row_2/dsp_cell_1/m_reg0 is absorbed into DSP fir_0/row_2/dsp_cell_1/p_reg_reg.
DSP Report: Generating DSP fir_0/row_2/dsp_cell_2/p_reg_reg, operation Mode is: (PCIN+(A''*B2)')'.
DSP Report: register fir_0/row_2/dsp_cell_2/b_reg_reg[0] is absorbed into DSP fir_0/row_2/dsp_cell_2/p_reg_reg.
DSP Report: register fir_0/row_2/dsp_cell_2/p_reg_reg is absorbed into DSP fir_0/row_2/dsp_cell_2/p_reg_reg.
DSP Report: register fir_0/row_2/dsp_cell_2/p_reg_reg is absorbed into DSP fir_0/row_2/dsp_cell_2/p_reg_reg.
DSP Report: register fir_0/row_2/dsp_cell_2/p_reg_reg is absorbed into DSP fir_0/row_2/dsp_cell_2/p_reg_reg.
DSP Report: register fir_0/row_2/dsp_cell_2/m_reg_reg is absorbed into DSP fir_0/row_2/dsp_cell_2/p_reg_reg.
DSP Report: operator fir_0/row_2/dsp_cell_2/p_reg0 is absorbed into DSP fir_0/row_2/dsp_cell_2/p_reg_reg.
DSP Report: operator fir_0/row_2/dsp_cell_2/m_reg0 is absorbed into DSP fir_0/row_2/dsp_cell_2/p_reg_reg.
DSP Report: Generating DSP fir_0/row_2/dsp_cell_3/p_reg_reg, operation Mode is: (PCIN+(A''*B2)')'.
DSP Report: register fir_0/row_2/dsp_cell_3/b_reg_reg[0] is absorbed into DSP fir_0/row_2/dsp_cell_3/p_reg_reg.
DSP Report: register fir_0/row_2/dsp_cell_3/p_reg_reg is absorbed into DSP fir_0/row_2/dsp_cell_3/p_reg_reg.
DSP Report: register fir_0/row_2/dsp_cell_3/p_reg_reg is absorbed into DSP fir_0/row_2/dsp_cell_3/p_reg_reg.
DSP Report: register fir_0/row_2/dsp_cell_3/p_reg_reg is absorbed into DSP fir_0/row_2/dsp_cell_3/p_reg_reg.
DSP Report: register fir_0/row_2/dsp_cell_3/m_reg_reg is absorbed into DSP fir_0/row_2/dsp_cell_3/p_reg_reg.
DSP Report: operator fir_0/row_2/dsp_cell_3/p_reg0 is absorbed into DSP fir_0/row_2/dsp_cell_3/p_reg_reg.
DSP Report: operator fir_0/row_2/dsp_cell_3/m_reg0 is absorbed into DSP fir_0/row_2/dsp_cell_3/p_reg_reg.
DSP Report: Generating DSP fir_0/row_2/dsp_cell_4/p_reg_reg, operation Mode is: (PCIN+(A''*B2)')'.
DSP Report: register fir_0/row_2/dsp_cell_4/b_reg_reg[0] is absorbed into DSP fir_0/row_2/dsp_cell_4/p_reg_reg.
DSP Report: register fir_0/row_2/dsp_cell_4/p_reg_reg is absorbed into DSP fir_0/row_2/dsp_cell_4/p_reg_reg.
DSP Report: register fir_0/row_2/dsp_cell_4/p_reg_reg is absorbed into DSP fir_0/row_2/dsp_cell_4/p_reg_reg.
DSP Report: register fir_0/row_2/dsp_cell_4/p_reg_reg is absorbed into DSP fir_0/row_2/dsp_cell_4/p_reg_reg.
DSP Report: register fir_0/row_2/dsp_cell_4/m_reg_reg is absorbed into DSP fir_0/row_2/dsp_cell_4/p_reg_reg.
DSP Report: operator fir_0/row_2/dsp_cell_4/p_reg0 is absorbed into DSP fir_0/row_2/dsp_cell_4/p_reg_reg.
DSP Report: operator fir_0/row_2/dsp_cell_4/m_reg0 is absorbed into DSP fir_0/row_2/dsp_cell_4/p_reg_reg.
DSP Report: Generating DSP fir_0/row_1/dsp_cell_0/p_reg_reg, operation Mode is: (A2*B2)'.
DSP Report: register fir_0/row_1/dsp_cell_0/b_reg_reg[0] is absorbed into DSP fir_0/row_1/dsp_cell_0/p_reg_reg.
DSP Report: register fir_0/row_1/dsp_cell_0/p_reg_reg is absorbed into DSP fir_0/row_1/dsp_cell_0/p_reg_reg.
DSP Report: register fir_0/row_1/dsp_cell_0/p_reg_reg is absorbed into DSP fir_0/row_1/dsp_cell_0/p_reg_reg.
DSP Report: register fir_0/row_1/dsp_cell_0/m_reg_reg is absorbed into DSP fir_0/row_1/dsp_cell_0/p_reg_reg.
DSP Report: operator fir_0/row_1/dsp_cell_0/p_reg0 is absorbed into DSP fir_0/row_1/dsp_cell_0/p_reg_reg.
DSP Report: operator fir_0/row_1/dsp_cell_0/m_reg0 is absorbed into DSP fir_0/row_1/dsp_cell_0/p_reg_reg.
DSP Report: Generating DSP fir_0/row_1/dsp_cell_1/p_reg_reg, operation Mode is: (PCIN+(A''*B2)')'.
DSP Report: register fir_0/row_1/dsp_cell_1/b_reg_reg[0] is absorbed into DSP fir_0/row_1/dsp_cell_1/p_reg_reg.
DSP Report: register fir_0/row_1/dsp_cell_1/p_reg_reg is absorbed into DSP fir_0/row_1/dsp_cell_1/p_reg_reg.
DSP Report: register fir_0/row_1/dsp_cell_1/p_reg_reg is absorbed into DSP fir_0/row_1/dsp_cell_1/p_reg_reg.
DSP Report: register fir_0/row_1/dsp_cell_1/p_reg_reg is absorbed into DSP fir_0/row_1/dsp_cell_1/p_reg_reg.
DSP Report: register fir_0/row_1/dsp_cell_1/m_reg_reg is absorbed into DSP fir_0/row_1/dsp_cell_1/p_reg_reg.
DSP Report: operator fir_0/row_1/dsp_cell_1/p_reg0 is absorbed into DSP fir_0/row_1/dsp_cell_1/p_reg_reg.
DSP Report: operator fir_0/row_1/dsp_cell_1/m_reg0 is absorbed into DSP fir_0/row_1/dsp_cell_1/p_reg_reg.
DSP Report: Generating DSP fir_0/row_1/dsp_cell_2/p_reg_reg, operation Mode is: (PCIN+(A''*B2)')'.
DSP Report: register fir_0/row_1/dsp_cell_2/b_reg_reg[0] is absorbed into DSP fir_0/row_1/dsp_cell_2/p_reg_reg.
DSP Report: register fir_0/row_1/dsp_cell_2/p_reg_reg is absorbed into DSP fir_0/row_1/dsp_cell_2/p_reg_reg.
DSP Report: register fir_0/row_1/dsp_cell_2/p_reg_reg is absorbed into DSP fir_0/row_1/dsp_cell_2/p_reg_reg.
DSP Report: register fir_0/row_1/dsp_cell_2/p_reg_reg is absorbed into DSP fir_0/row_1/dsp_cell_2/p_reg_reg.
DSP Report: register fir_0/row_1/dsp_cell_2/m_reg_reg is absorbed into DSP fir_0/row_1/dsp_cell_2/p_reg_reg.
DSP Report: operator fir_0/row_1/dsp_cell_2/p_reg0 is absorbed into DSP fir_0/row_1/dsp_cell_2/p_reg_reg.
DSP Report: operator fir_0/row_1/dsp_cell_2/m_reg0 is absorbed into DSP fir_0/row_1/dsp_cell_2/p_reg_reg.
DSP Report: Generating DSP fir_0/row_1/dsp_cell_3/p_reg_reg, operation Mode is: (PCIN+(A''*B2)')'.
DSP Report: register fir_0/row_1/dsp_cell_3/b_reg_reg[0] is absorbed into DSP fir_0/row_1/dsp_cell_3/p_reg_reg.
DSP Report: register fir_0/row_1/dsp_cell_3/p_reg_reg is absorbed into DSP fir_0/row_1/dsp_cell_3/p_reg_reg.
DSP Report: register fir_0/row_1/dsp_cell_3/p_reg_reg is absorbed into DSP fir_0/row_1/dsp_cell_3/p_reg_reg.
DSP Report: register fir_0/row_1/dsp_cell_3/p_reg_reg is absorbed into DSP fir_0/row_1/dsp_cell_3/p_reg_reg.
DSP Report: register fir_0/row_1/dsp_cell_3/m_reg_reg is absorbed into DSP fir_0/row_1/dsp_cell_3/p_reg_reg.
DSP Report: operator fir_0/row_1/dsp_cell_3/p_reg0 is absorbed into DSP fir_0/row_1/dsp_cell_3/p_reg_reg.
DSP Report: operator fir_0/row_1/dsp_cell_3/m_reg0 is absorbed into DSP fir_0/row_1/dsp_cell_3/p_reg_reg.
DSP Report: Generating DSP fir_0/row_1/dsp_cell_4/p_reg_reg, operation Mode is: (PCIN+(A''*B2)')'.
DSP Report: register fir_0/row_1/dsp_cell_4/b_reg_reg[0] is absorbed into DSP fir_0/row_1/dsp_cell_4/p_reg_reg.
DSP Report: register fir_0/row_1/dsp_cell_4/p_reg_reg is absorbed into DSP fir_0/row_1/dsp_cell_4/p_reg_reg.
DSP Report: register fir_0/row_1/dsp_cell_4/p_reg_reg is absorbed into DSP fir_0/row_1/dsp_cell_4/p_reg_reg.
DSP Report: register fir_0/row_1/dsp_cell_4/p_reg_reg is absorbed into DSP fir_0/row_1/dsp_cell_4/p_reg_reg.
DSP Report: register fir_0/row_1/dsp_cell_4/m_reg_reg is absorbed into DSP fir_0/row_1/dsp_cell_4/p_reg_reg.
DSP Report: operator fir_0/row_1/dsp_cell_4/p_reg0 is absorbed into DSP fir_0/row_1/dsp_cell_4/p_reg_reg.
DSP Report: operator fir_0/row_1/dsp_cell_4/m_reg0 is absorbed into DSP fir_0/row_1/dsp_cell_4/p_reg_reg.
DSP Report: Generating DSP fir_0/row_sum_total, operation Mode is: PCIN+A:B+C.
DSP Report: operator fir_0/row_sum_total is absorbed into DSP fir_0/row_sum_total.
WARNING: [Synth 8-3917] design hdmi_top has port led_r[6] driven by constant 0
WARNING: [Synth 8-7129] Port bt[3] in module hdmi_top is either unconnected or has no load
WARNING: [Synth 8-7129] Port bt[2] in module hdmi_top is either unconnected or has no load
WARNING: [Synth 8-7129] Port bt[1] in module hdmi_top is either unconnected or has no load
WARNING: [Synth 8-7129] Port bt[0] in module hdmi_top is either unconnected or has no load
WARNING: [Synth 8-7129] Port sw[7] in module hdmi_top is either unconnected or has no load
WARNING: [Synth 8-7129] Port sw[6] in module hdmi_top is either unconnected or has no load
WARNING: [Synth 8-7129] Port sw[5] in module hdmi_top is either unconnected or has no load
WARNING: [Synth 8-7129] Port sw[4] in module hdmi_top is either unconnected or has no load
WARNING: [Synth 8-7129] Port sw[3] in module hdmi_top is either unconnected or has no load
WARNING: [Synth 8-7129] Port sw[2] in module hdmi_top is either unconnected or has no load
WARNING: [Synth 8-7129] Port sw[1] in module hdmi_top is either unconnected or has no load
WARNING: [Synth 8-7129] Port sw[0] in module hdmi_top is either unconnected or has no load
WARNING: [Synth 8-7129] Port hdmi_tx_cec in module hdmi_top is either unconnected or has no load
WARNING: [Synth 8-7129] Port hdmi_tx_hpdn in module hdmi_top is either unconnected or has no load
WARNING: [Synth 8-7129] Port hdmi_tx_scl in module hdmi_top is either unconnected or has no load
WARNING: [Synth 8-7129] Port hdmi_tx_sda in module hdmi_top is either unconnected or has no load
WARNING: [Synth 8-3332] Sequential element (fir_0/row_1/dsp_cell_0/p_reg_reg) is unused and will be removed from module hdmi_top.
---------------------------------------------------------------------------------
Finished Cross Boundary and Area Optimization : Time (s): cpu = 00:00:46 ; elapsed = 00:00:49 . Memory (MB): peak = 1497.703 ; gain = 734.723
---------------------------------------------------------------------------------
 Sort Area is  fir_0/row_0/dsp_cell_0/p_reg_reg_9 : 0 0 : 3079 17967 : Used 1 time 0
 Sort Area is  fir_0/row_0/dsp_cell_0/p_reg_reg_9 : 0 1 : 3532 17967 : Used 1 time 0
 Sort Area is  fir_0/row_0/dsp_cell_0/p_reg_reg_9 : 0 2 : 3532 17967 : Used 1 time 0
 Sort Area is  fir_0/row_0/dsp_cell_0/p_reg_reg_9 : 0 3 : 3532 17967 : Used 1 time 0
 Sort Area is  fir_0/row_0/dsp_cell_0/p_reg_reg_9 : 0 4 : 3532 17967 : Used 1 time 0
 Sort Area is  fir_0/row_0/dsp_cell_0/p_reg_reg_9 : 0 5 : 380 17967 : Used 1 time 0
 Sort Area is  fir_0/row_0/dsp_cell_0/p_reg_reg_9 : 0 6 : 380 17967 : Used 1 time 0
 Sort Area is  fir_0/row_1/dsp_cell_0/p_reg_reg_3 : 0 0 : 3500 17628 : Used 1 time 0
 Sort Area is  fir_0/row_1/dsp_cell_0/p_reg_reg_3 : 0 1 : 3532 17628 : Used 1 time 0
 Sort Area is  fir_0/row_1/dsp_cell_0/p_reg_reg_3 : 0 2 : 3532 17628 : Used 1 time 0
 Sort Area is  fir_0/row_1/dsp_cell_0/p_reg_reg_3 : 0 3 : 3532 17628 : Used 1 time 0
 Sort Area is  fir_0/row_1/dsp_cell_0/p_reg_reg_3 : 0 4 : 3532 17628 : Used 1 time 0
 Sort Area is  fir_0/row_2/dsp_cell_0/p_reg_reg_6 : 0 0 : 3500 17628 : Used 1 time 0
 Sort Area is  fir_0/row_2/dsp_cell_0/p_reg_reg_6 : 0 1 : 3532 17628 : Used 1 time 0
 Sort Area is  fir_0/row_2/dsp_cell_0/p_reg_reg_6 : 0 2 : 3532 17628 : Used 1 time 0
 Sort Area is  fir_0/row_2/dsp_cell_0/p_reg_reg_6 : 0 3 : 3532 17628 : Used 1 time 0
 Sort Area is  fir_0/row_2/dsp_cell_0/p_reg_reg_6 : 0 4 : 3532 17628 : Used 1 time 0
 Sort Area is  fir_0/row_3/dsp_cell_0/p_reg_reg_7 : 0 0 : 3500 17628 : Used 1 time 0
 Sort Area is  fir_0/row_3/dsp_cell_0/p_reg_reg_7 : 0 1 : 3532 17628 : Used 1 time 0
 Sort Area is  fir_0/row_3/dsp_cell_0/p_reg_reg_7 : 0 2 : 3532 17628 : Used 1 time 0
 Sort Area is  fir_0/row_3/dsp_cell_0/p_reg_reg_7 : 0 3 : 3532 17628 : Used 1 time 0
 Sort Area is  fir_0/row_3/dsp_cell_0/p_reg_reg_7 : 0 4 : 3532 17628 : Used 1 time 0
 Sort Area is  fir_0/row_4/dsp_cell_0/p_reg_reg_8 : 0 0 : 3500 17628 : Used 1 time 0
 Sort Area is  fir_0/row_4/dsp_cell_0/p_reg_reg_8 : 0 1 : 3532 17628 : Used 1 time 0
 Sort Area is  fir_0/row_4/dsp_cell_0/p_reg_reg_8 : 0 2 : 3532 17628 : Used 1 time 0
 Sort Area is  fir_0/row_4/dsp_cell_0/p_reg_reg_8 : 0 3 : 3532 17628 : Used 1 time 0
 Sort Area is  fir_0/row_4/dsp_cell_0/p_reg_reg_8 : 0 4 : 3532 17628 : Used 1 time 0
 Sort Area is  rgb2y_0/dsp_0/p_reg_reg_0 : 0 0 : 1351 2697 : Used 1 time 0
 Sort Area is  rgb2y_0/dsp_0/p_reg_reg_0 : 0 1 : 1346 2697 : Used 1 time 0
---------------------------------------------------------------------------------
Start ROM, RAM, DSP, Shift Register and Retiming Reporting
---------------------------------------------------------------------------------

Block RAM: Preliminary Mapping Report (see note below)
+------------+-----------------------------------+------------------------+---+---+------------------------+---+---+------------------+--------+--------+
|Module Name | RTL Object                        | PORT A (Depth x Width) | W | R | PORT B (Depth x Width) | W | R | Ports driving FF | RAMB18 | RAMB36 | 
+------------+-----------------------------------+------------------------+---+---+------------------------+---+---+------------------+--------+--------+
|hdmi_top    | line_buffer_0/bram_line_0/mem_reg | 2 K x 8(READ_FIRST)    | W | R |                        |   |   | Port A           | 1      | 0      | 
|hdmi_top    | line_buffer_0/bram_line_1/mem_reg | 2 K x 8(READ_FIRST)    | W | R |                        |   |   | Port A           | 1      | 0      | 
|hdmi_top    | line_buffer_0/bram_line_2/mem_reg | 2 K x 8(READ_FIRST)    | W | R |                        |   |   | Port A           | 1      | 0      | 
|hdmi_top    | line_buffer_0/bram_line_3/mem_reg | 2 K x 8(READ_FIRST)    | W | R |                        |   |   | Port A           | 1      | 0      | 
+------------+-----------------------------------+------------------------+---+---+------------------------+---+---+------------------+--------+--------+

Note: The table above is a preliminary report that shows the Block RAMs at the current stage of the synthesis flow. Some Block RAMs may be reimplemented as non Block RAM primitives later in the synthesis flow. Multiple instantiated Block RAMs are reported only once. 

DSP: Preliminary Mapping Report (see note below. The ' indicates corresponding REG is set)
+----------------------+----------------------------+--------+--------+--------+--------+--------+------+------+------+------+-------+------+------+
|Module Name           | DSP Mapping                | A Size | B Size | C Size | D Size | P Size | AREG | BREG | CREG | DREG | ADREG | MREG | PREG | 
+----------------------+----------------------------+--------+--------+--------+--------+--------+------+------+------+------+-------+------+------+
|dsp                   | (C'+((A:0x6cd9)''*B2)')'   | 9      | 18     | 26     | -      | 48     | 1    | 2    | 1    | -    | -     | 1    | 1    | 
|dsp                   | (PCIN+((A:0x24f7)''*B2)')' | 18     | 9      | -      | -      | 48     | 2    | 1    | -    | -    | -     | 1    | 1    | 
|dsp_25x18_passthrough | (A2*B2)'                   | 25     | 16     | -      | -      | 48     | 1    | 1    | -    | -    | -     | 1    | 1    | 
|dsp_25x18_passthrough | (PCIN+(A''*B2)')'          | 25     | 18     | -      | -      | 48     | 2    | 1    | -    | -    | -     | 1    | 1    | 
|dsp_25x18_passthrough | (PCIN+(A''*B2)')'          | 25     | 18     | -      | -      | 48     | 2    | 1    | -    | -    | -     | 1    | 1    | 
|dsp_25x18_passthrough | (PCIN+(A''*B2)')'          | 25     | 18     | -      | -      | 48     | 2    | 1    | -    | -    | -     | 1    | 1    | 
|dsp_25x18_passthrough | (PCIN+(A''*B2)')'          | 25     | 18     | -      | -      | 48     | 2    | 1    | -    | -    | -     | 1    | 1    | 
|dsp_25x18_passthrough | (A2*B2)'                   | 25     | 18     | -      | -      | 48     | 1    | 1    | -    | -    | -     | 1    | 1    | 
|dsp_25x18_passthrough | (PCIN+(ACIN''*B2)')'       | 25     | 18     | -      | -      | 48     | 2    | 1    | -    | -    | -     | 1    | 1    | 
|dsp_25x18_passthrough | (PCIN+(ACIN''*B2)')'       | 25     | 18     | -      | -      | 48     | 2    | 1    | -    | -    | -     | 1    | 1    | 
|dsp_25x18_passthrough | (PCIN+(ACIN''*B2)')'       | 25     | 18     | -      | -      | 48     | 2    | 1    | -    | -    | -     | 1    | 1    | 
|dsp_25x18_passthrough | (PCIN+(ACIN''*B2)')'       | 25     | 18     | -      | -      | 48     | 2    | 1    | -    | -    | -     | 1    | 1    | 
|dsp_25x18_passthrough | (A2*B2)'                   | 25     | 18     | -      | -      | 48     | 1    | 1    | -    | -    | -     | 1    | 1    | 
|dsp_25x18_passthrough | (PCIN+(A''*B2)')'          | 25     | 18     | -      | -      | 48     | 2    | 1    | -    | -    | -     | 1    | 1    | 
|dsp_25x18_passthrough | (PCIN+(A''*B2)')'          | 25     | 18     | -      | -      | 48     | 2    | 1    | -    | -    | -     | 1    | 1    | 
|dsp_25x18_passthrough | (PCIN+(A''*B2)')'          | 25     | 18     | -      | -      | 48     | 2    | 1    | -    | -    | -     | 1    | 1    | 
|dsp_25x18_passthrough | (PCIN+(A''*B2)')'          | 25     | 18     | -      | -      | 48     | 2    | 1    | -    | -    | -     | 1    | 1    | 
|hdmi_top              | PCIN+A:B+C                 | 30     | 18     | 48     | -      | -1     | 0    | 0    | 0    | -    | -     | 0    | 0    | 
|dsp_25x18_passthrough | (A2*B2)'                   | 25     | 18     | -      | -      | 48     | 1    | 1    | -    | -    | -     | 1    | 1    | 
|dsp_25x18_passthrough | (PCIN+(A''*B2)')'          | 25     | 18     | -      | -      | 48     | 2    | 1    | -    | -    | -     | 1    | 1    | 
|dsp_25x18_passthrough | (PCIN+(A''*B2)')'          | 25     | 18     | -      | -      | 48     | 2    | 1    | -    | -    | -     | 1    | 1    | 
|dsp_25x18_passthrough | (PCIN+(A''*B2)')'          | 25     | 18     | -      | -      | 48     | 2    | 1    | -    | -    | -     | 1    | 1    | 
|dsp_25x18_passthrough | (PCIN+(A''*B2)')'          | 25     | 18     | -      | -      | 48     | 2    | 1    | -    | -    | -     | 1    | 1    | 
|dsp_25x18_passthrough | (A2*B2)'                   | 25     | 18     | -      | -      | 48     | 1    | 1    | -    | -    | -     | 1    | 1    | 
|dsp_25x18_passthrough | (PCIN+(A''*B2)')'          | 25     | 18     | -      | -      | 48     | 2    | 1    | -    | -    | -     | 1    | 1    | 
|dsp_25x18_passthrough | (PCIN+(A''*B2)')'          | 25     | 18     | -      | -      | 48     | 2    | 1    | -    | -    | -     | 1    | 1    | 
|dsp_25x18_passthrough | (PCIN+(A''*B2)')'          | 25     | 18     | -      | -      | 48     | 2    | 1    | -    | -    | -     | 1    | 1    | 
|dsp_25x18_passthrough | (PCIN+(A''*B2)')'          | 25     | 18     | -      | -      | 48     | 2    | 1    | -    | -    | -     | 1    | 1    | 
|hdmi_top              | PCIN+A:B+C                 | 30     | 18     | 48     | -      | -1     | 0    | 0    | 0    | -    | -     | 0    | 0    | 
+----------------------+----------------------------+--------+--------+--------+--------+--------+------+------+------+------+-------+------+------+

Note: The table above is a preliminary report that shows the DSPs inferred at the current stage of the synthesis flow. Some DSP may be reimplemented as non DSP primitives later in the synthesis flow. Multiple instantiated DSPs are reported only once.
---------------------------------------------------------------------------------
Finished ROM, RAM, DSP, Shift Register and Retiming Reporting
---------------------------------------------------------------------------------
---------------------------------------------------------------------------------
Start Applying XDC Timing Constraints
---------------------------------------------------------------------------------
WARNING: [Synth 8-565] redefining clock 'clk100M'
---------------------------------------------------------------------------------
Finished Applying XDC Timing Constraints : Time (s): cpu = 00:01:03 ; elapsed = 00:01:06 . Memory (MB): peak = 1685.625 ; gain = 922.645
---------------------------------------------------------------------------------
---------------------------------------------------------------------------------
Start Timing Optimization
---------------------------------------------------------------------------------
---------------------------------------------------------------------------------
Finished Timing Optimization : Time (s): cpu = 00:01:03 ; elapsed = 00:01:07 . Memory (MB): peak = 1686.816 ; gain = 923.836
---------------------------------------------------------------------------------
---------------------------------------------------------------------------------
Start ROM, RAM, DSP, Shift Register and Retiming Reporting
---------------------------------------------------------------------------------

Block RAM: Final Mapping Report
+------------+-----------------------------------+------------------------+---+---+------------------------+---+---+------------------+--------+--------+
|Module Name | RTL Object                        | PORT A (Depth x Width) | W | R | PORT B (Depth x Width) | W | R | Ports driving FF | RAMB18 | RAMB36 | 
+------------+-----------------------------------+------------------------+---+---+------------------------+---+---+------------------+--------+--------+
|hdmi_top    | line_buffer_0/bram_line_0/mem_reg | 2 K x 8(READ_FIRST)    | W | R |                        |   |   | Port A           | 1      | 0      | 
|hdmi_top    | line_buffer_0/bram_line_1/mem_reg | 2 K x 8(READ_FIRST)    | W | R |                        |   |   | Port A           | 1      | 0      | 
|hdmi_top    | line_buffer_0/bram_line_2/mem_reg | 2 K x 8(READ_FIRST)    | W | R |                        |   |   | Port A           | 1      | 0      | 
|hdmi_top    | line_buffer_0/bram_line_3/mem_reg | 2 K x 8(READ_FIRST)    | W | R |                        |   |   | Port A           | 1      | 0      | 
+------------+-----------------------------------+------------------------+---+---+------------------------+---+---+------------------+--------+--------+

---------------------------------------------------------------------------------
Finished ROM, RAM, DSP, Shift Register and Retiming Reporting
---------------------------------------------------------------------------------
---------------------------------------------------------------------------------
Start Technology Mapping
---------------------------------------------------------------------------------
INFO: [Synth 8-7052] The timing for the instance line_buffer_0/bram_line_0/mem_reg (implemented as a Block RAM) might be sub-optimal as no optional output register could be merged into the ram block. Providing additional output register may help in improving timing.
INFO: [Synth 8-7052] The timing for the instance line_buffer_0/bram_line_1/mem_reg (implemented as a Block RAM) might be sub-optimal as no optional output register could be merged into the ram block. Providing additional output register may help in improving timing.
INFO: [Synth 8-7052] The timing for the instance line_buffer_0/bram_line_2/mem_reg (implemented as a Block RAM) might be sub-optimal as no optional output register could be merged into the ram block. Providing additional output register may help in improving timing.
INFO: [Synth 8-7052] The timing for the instance line_buffer_0/bram_line_3/mem_reg (implemented as a Block RAM) might be sub-optimal as no optional output register could be merged into the ram block. Providing additional output register may help in improving timing.
---------------------------------------------------------------------------------
Finished Technology Mapping : Time (s): cpu = 00:01:03 ; elapsed = 00:01:07 . Memory (MB): peak = 1699.117 ; gain = 936.137
---------------------------------------------------------------------------------
---------------------------------------------------------------------------------
Start IO Insertion
---------------------------------------------------------------------------------
---------------------------------------------------------------------------------
Start Flattening Before IO Insertion
---------------------------------------------------------------------------------
---------------------------------------------------------------------------------
Finished Flattening Before IO Insertion
---------------------------------------------------------------------------------
---------------------------------------------------------------------------------
Start Final Netlist Cleanup
---------------------------------------------------------------------------------
---------------------------------------------------------------------------------
Finished Final Netlist Cleanup
---------------------------------------------------------------------------------
---------------------------------------------------------------------------------
Finished IO Insertion : Time (s): cpu = 00:01:13 ; elapsed = 00:01:17 . Memory (MB): peak = 1944.527 ; gain = 1181.547
---------------------------------------------------------------------------------
---------------------------------------------------------------------------------
Start Renaming Generated Instances
---------------------------------------------------------------------------------
---------------------------------------------------------------------------------
Finished Renaming Generated Instances : Time (s): cpu = 00:01:13 ; elapsed = 00:01:17 . Memory (MB): peak = 1944.527 ; gain = 1181.547
---------------------------------------------------------------------------------
---------------------------------------------------------------------------------
Start Rebuilding User Hierarchy
---------------------------------------------------------------------------------
---------------------------------------------------------------------------------
Finished Rebuilding User Hierarchy : Time (s): cpu = 00:01:13 ; elapsed = 00:01:17 . Memory (MB): peak = 1944.527 ; gain = 1181.547
---------------------------------------------------------------------------------
---------------------------------------------------------------------------------
Start Renaming Generated Ports
---------------------------------------------------------------------------------
---------------------------------------------------------------------------------
Finished Renaming Generated Ports : Time (s): cpu = 00:01:13 ; elapsed = 00:01:17 . Memory (MB): peak = 1944.527 ; gain = 1181.547
---------------------------------------------------------------------------------
---------------------------------------------------------------------------------
Start Handling Custom Attributes
---------------------------------------------------------------------------------
---------------------------------------------------------------------------------
Finished Handling Custom Attributes : Time (s): cpu = 00:01:13 ; elapsed = 00:01:17 . Memory (MB): peak = 1947.547 ; gain = 1184.566
---------------------------------------------------------------------------------
---------------------------------------------------------------------------------
Start Renaming Generated Nets
---------------------------------------------------------------------------------
---------------------------------------------------------------------------------
Finished Renaming Generated Nets : Time (s): cpu = 00:01:13 ; elapsed = 00:01:17 . Memory (MB): peak = 1947.547 ; gain = 1184.566
---------------------------------------------------------------------------------
---------------------------------------------------------------------------------
Start ROM, RAM, DSP, Shift Register and Retiming Reporting
---------------------------------------------------------------------------------

Static Shift Register Report:
+------------+-----------------------------------------+--------+-------+--------------+--------------------+-------------------+--------+---------+
|Module Name | RTL Name                                | Length | Width | Reset Signal | Pull out first Reg | Pull out last Reg | SRL16E | SRLC32E | 
+------------+-----------------------------------------+--------+-------+--------------+--------------------+-------------------+--------+---------+
|hdmi_top    | rgb2y_0/dv_dl_reg[5]                    | 6      | 1     | NO           | NO                 | YES               | 1      | 0       | 
|hdmi_top    | rgb2y_0/hs_dl_reg[5]                    | 6      | 1     | NO           | NO                 | YES               | 1      | 0       | 
|hdmi_top    | fir_0/gen_ctrl_delay.valid_delay_reg[7] | 8      | 1     | NO           | NO                 | YES               | 1      | 0       | 
|hdmi_top    | fir_0/gen_ctrl_delay.hsync_delay_reg[7] | 8      | 1     | NO           | NO                 | YES               | 1      | 0       | 
|hdmi_top    | rgb2y_0/vs_dl_reg[5]                    | 6      | 1     | NO           | NO                 | NO                | 1      | 0       | 
|hdmi_top    | fir_0/gen_ctrl_delay.vsync_delay_reg[7] | 8      | 1     | NO           | NO                 | YES               | 1      | 0       | 
|hdmi_top    | line_buffer_0/pixel_valid_d4_reg        | 4      | 1     | YES          | NO                 | YES               | 1      | 0       | 
|hdmi_top    | line_buffer_0/v_sync_d4_reg             | 4      | 1     | YES          | NO                 | YES               | 1      | 0       | 
|hdmi_top    | fir_0/row_0/dsp_cell_0/p_reg_reg__23    | 4      | 1     | YES          | NO                 | YES               | 1      | 0       | 
|hdmi_top    | fir_0/row_0/dsp_cell_0/p_reg_reg__22    | 4      | 1     | YES          | NO                 | YES               | 1      | 0       | 
|hdmi_top    | fir_0/row_0/dsp_cell_0/p_reg_reg__21    | 4      | 1     | YES          | NO                 | YES               | 1      | 0       | 
|hdmi_top    | fir_0/row_0/dsp_cell_0/p_reg_reg__20    | 4      | 1     | YES          | NO                 | YES               | 1      | 0       | 
|hdmi_top    | fir_0/row_0/dsp_cell_0/p_reg_reg__19    | 4      | 1     | YES          | NO                 | YES               | 1      | 0       | 
|hdmi_top    | fir_0/row_0/dsp_cell_0/p_reg_reg__18    | 4      | 1     | YES          | NO                 | YES               | 1      | 0       | 
|hdmi_top    | fir_0/row_0/dsp_cell_0/p_reg_reg__17    | 4      | 1     | YES          | NO                 | YES               | 1      | 0       | 
|hdmi_top    | fir_0/row_0/dsp_cell_0/p_reg_reg__16    | 4      | 1     | YES          | NO                 | YES               | 1      | 0       | 
+------------+-----------------------------------------+--------+-------+--------------+--------------------+-------------------+--------+---------+

---------------------------------------------------------------------------------
Finished ROM, RAM, DSP, Shift Register and Retiming Reporting
---------------------------------------------------------------------------------
---------------------------------------------------------------------------------
Start Writing Synthesis Report
---------------------------------------------------------------------------------

DSP Final Report (the ' indicates corresponding REG is set)
+----------------------+-------------------+--------+--------+--------+--------+--------+------+------+------+------+-------+------+------+
|Module Name           | DSP Mapping       | A Size | B Size | C Size | D Size | P Size | AREG | BREG | CREG | DREG | ADREG | MREG | PREG | 
+----------------------+-------------------+--------+--------+--------+--------+--------+------+------+------+------+-------+------+------+
|hdmi_top              | PCIN+A:B+C        | 30     | 18     | -      | -      | 0      | 0    | 0    | -    | -    | -     | 0    | 0    | 
|hdmi_top              | PCIN+A:B+C        | 30     | 18     | -      | -      | 48     | 0    | 0    | -    | -    | -     | 0    | 0    | 
|dsp_25x18_passthrough | ((A'*B')')'       | 8      | 18     | -      | -      | 0      | 1    | 1    | -    | -    | -     | 1    | 1    | 
|dsp_25x18_passthrough | (PCIN+(A''*B')')' | 8      | 18     | -      | -      | 0      | 2    | 1    | -    | -    | -     | 1    | 1    | 
|dsp_25x18_passthrough | (PCIN+(A''*B')')' | 8      | 18     | -      | -      | 0      | 2    | 1    | -    | -    | -     | 1    | 1    | 
|dsp_25x18_passthrough | (PCIN+(A''*B')')' | 8      | 18     | -      | -      | 0      | 2    | 1    | -    | -    | -     | 1    | 1    | 
|dsp_25x18_passthrough | (PCIN+(A''*B')')' | 8      | 18     | -      | -      | 0      | 2    | 1    | -    | -    | -     | 1    | 1    | 
|dsp_25x18_passthrough | ((A'*B')')'       | 8      | 18     | -      | -      | 0      | 1    | 1    | -    | -    | -     | 1    | 1    | 
|dsp_25x18_passthrough | (PCIN+(A''*B')')' | 8      | 18     | -      | -      | 0      | 2    | 1    | -    | -    | -     | 1    | 1    | 
|dsp_25x18_passthrough | (PCIN+(A''*B')')' | 8      | 18     | -      | -      | 0      | 2    | 1    | -    | -    | -     | 1    | 1    | 
|dsp_25x18_passthrough | (PCIN+(A''*B')')' | 8      | 18     | -      | -      | 0      | 2    | 1    | -    | -    | -     | 1    | 1    | 
|dsp_25x18_passthrough | (PCIN+(A''*B')')' | 8      | 18     | -      | -      | 48     | 2    | 1    | -    | -    | -     | 1    | 1    | 
|dsp_25x18_passthrough | ((A'*B')')'       | 8      | 18     | -      | -      | 0      | 1    | 1    | -    | -    | -     | 1    | 1    | 
|dsp_25x18_passthrough | (PCIN+(A''*B')')' | 8      | 18     | -      | -      | 0      | 2    | 1    | -    | -    | -     | 1    | 1    | 
|dsp_25x18_passthrough | (PCIN+(A''*B')')' | 8      | 18     | -      | -      | 0      | 2    | 1    | -    | -    | -     | 1    | 1    | 
|dsp_25x18_passthrough | (PCIN+(A''*B')')' | 8      | 18     | -      | -      | 0      | 2    | 1    | -    | -    | -     | 1    | 1    | 
|dsp_25x18_passthrough | (PCIN+(A''*B')')' | 8      | 18     | -      | -      | 48     | 2    | 1    | -    | -    | -     | 1    | 1    | 
|dsp_25x18_passthrough | ((A'*B')')'       | 8      | 18     | -      | -      | 0      | 1    | 1    | -    | -    | -     | 1    | 1    | 
|dsp_25x18_passthrough | (PCIN+(A''*B')')' | 8      | 18     | -      | -      | 0      | 2    | 1    | -    | -    | -     | 1    | 1    | 
|dsp_25x18_passthrough | (PCIN+(A''*B')')' | 8      | 18     | -      | -      | 0      | 2    | 1    | -    | -    | -     | 1    | 1    | 
|dsp_25x18_passthrough | (PCIN+(A''*B')')' | 8      | 18     | -      | -      | 0      | 2    | 1    | -    | -    | -     | 1    | 1    | 
|dsp_25x18_passthrough | (PCIN+(A''*B')')' | 8      | 18     | -      | -      | 48     | 2    | 1    | -    | -    | -     | 1    | 1    | 
|dsp_25x18_passthrough | ((A'*B')')'       | 8      | 18     | -      | -      | 0      | 1    | 1    | -    | -    | -     | 1    | 1    | 
|dsp_25x18_passthrough | (PCIN+(A''*B')')' | 0      | 18     | -      | -      | 0      | 2    | 1    | -    | -    | -     | 1    | 1    | 
|dsp_25x18_passthrough | (PCIN+(A''*B')')' | 0      | 18     | -      | -      | 0      | 2    | 1    | -    | -    | -     | 1    | 1    | 
|dsp_25x18_passthrough | (PCIN+(A''*B')')' | 0      | 18     | -      | -      | 0      | 2    | 1    | -    | -    | -     | 1    | 1    | 
|dsp_25x18_passthrough | (PCIN+(A''*B')')' | 0      | 18     | -      | -      | 48     | 2    | 1    | -    | -    | -     | 1    | 1    | 
|dsp                   | (C'+(A'*B'')')'   | 30     | 15     | 25     | -      | 0      | 1    | 2    | 1    | -    | -     | 1    | 1    | 
|dsp                   | (PCIN+(A''*B')')' | 14     | 18     | -      | -      | 48     | 2    | 1    | -    | -    | -     | 1    | 1    | 
+----------------------+-------------------+--------+--------+--------+--------+--------+------+------+------+------+-------+------+------+


Report BlackBoxes: 
+------+------------------------------------------------+----------+
|      |BlackBox name                                   |Instances |
+------+------------------------------------------------+----------+
|1     |hdmi_rx                                         |         1|
|2     |hdmi_tx                                         |         1|
|3     |cpu_hdmi_system_axi_uartlite_0_0                |         1|
|4     |cpu_hdmi_system_clk_wiz_1_0                     |         1|
|5     |cpu_hdmi_system_fir_coeff_bank_axi_0_2          |         1|
|6     |cpu_hdmi_system_mdm_1_0                         |         1|
|7     |cpu_hdmi_system_microblaze_riscv_0_0            |         1|
|8     |cpu_hdmi_system_microblaze_riscv_0_axi_periph_0 |         1|
|9     |cpu_hdmi_system_rst_clk_wiz_1_100M_0            |         1|
|10    |cpu_hdmi_system_dlmb_bram_if_cntlr_0            |         1|
|11    |cpu_hdmi_system_dlmb_v10_0                      |         1|
|12    |cpu_hdmi_system_ilmb_bram_if_cntlr_0            |         1|
|13    |cpu_hdmi_system_ilmb_v10_0                      |         1|
|14    |cpu_hdmi_system_lmb_bram_0                      |         1|
+------+------------------------------------------------+----------+

Report Cell Usage: 
+------+----------------------------------------------+------+
|      |Cell                                          |Count |
+------+----------------------------------------------+------+
|1     |cpu_hdmi_system_axi_uartlite_0                |     1|
|2     |cpu_hdmi_system_clk_wiz_1                     |     1|
|3     |cpu_hdmi_system_dlmb_bram_if_cntlr            |     1|
|4     |cpu_hdmi_system_dlmb_v10                      |     1|
|5     |cpu_hdmi_system_fir_coeff_bank_axi_0          |     1|
|6     |cpu_hdmi_system_ilmb_bram_if_cntlr            |     1|
|7     |cpu_hdmi_system_ilmb_v10                      |     1|
|8     |cpu_hdmi_system_lmb_bram                      |     1|
|9     |cpu_hdmi_system_mdm_1                         |     1|
|10    |cpu_hdmi_system_microblaze_riscv_0            |     1|
|11    |cpu_hdmi_system_microblaze_riscv_0_axi_periph |     1|
|12    |cpu_hdmi_system_rst_clk_wiz_1_100M            |     1|
|13    |hdmi_rx                                       |     1|
|14    |hdmi_tx                                       |     1|
|15    |BUFG                                          |     1|
|16    |CARRY4                                        |     6|
|17    |DSP48E1                                       |    29|
|22    |LUT1                                          |     1|
|23    |LUT2                                          |    44|
|24    |LUT3                                          |    15|
|25    |LUT4                                          |     2|
|26    |LUT5                                          |     2|
|27    |LUT6                                          |     9|
|28    |PLLE2_BASE                                    |     1|
|29    |RAMB18E1                                      |     4|
|30    |SRL16E                                        |    16|
|31    |FDRE                                          |   399|
|32    |IBUF                                          |    12|
|33    |OBUF                                          |    18|
+------+----------------------------------------------+------+
---------------------------------------------------------------------------------
Finished Writing Synthesis Report : Time (s): cpu = 00:01:13 ; elapsed = 00:01:17 . Memory (MB): peak = 1947.547 ; gain = 1184.566
---------------------------------------------------------------------------------
Synthesis finished with 0 errors, 0 critical warnings and 19 warnings.
Synthesis Optimization Runtime : Time (s): cpu = 00:00:49 ; elapsed = 00:01:10 . Memory (MB): peak = 1947.547 ; gain = 1140.938
Synthesis Optimization Complete : Time (s): cpu = 00:01:13 ; elapsed = 00:01:17 . Memory (MB): peak = 1947.547 ; gain = 1184.566
INFO: [Project 1-571] Translating synthesized netlist
Parsing EDIF File [C:/Users/Balazs/Desktop/MSC1/FPGA/homework/HDMI_FIR_Homework.srcs/sources_1/imports/hdl/hdmi_rx.edn]
Finished Parsing EDIF File [C:/Users/Balazs/Desktop/MSC1/FPGA/homework/HDMI_FIR_Homework.srcs/sources_1/imports/hdl/hdmi_rx.edn]
Parsing EDIF File [C:/Users/Balazs/Desktop/MSC1/FPGA/homework/HDMI_FIR_Homework.srcs/sources_1/imports/hdl/hdmi_tx.edn]
Finished Parsing EDIF File [C:/Users/Balazs/Desktop/MSC1/FPGA/homework/HDMI_FIR_Homework.srcs/sources_1/imports/hdl/hdmi_tx.edn]
Netlist sorting complete. Time (s): cpu = 00:00:01 ; elapsed = 00:00:00.138 . Memory (MB): peak = 1962.285 ; gain = 0.000
INFO: [Netlist 29-17] Analyzing 94 Unisim elements for replacement
INFO: [Netlist 29-28] Unisim Transformation completed in 0 CPU seconds
INFO: [Project 1-479] Netlist was created with Vivado 2018.2
INFO: [Project 1-570] Preparing netlist for logic optimization
INFO: [Opt 31-140] Inserted 1 IBUFs to IO ports without IO buffers.
INFO: [Opt 31-138] Pushed 0 inverter(s) to 0 load pin(s).
Netlist sorting complete. Time (s): cpu = 00:00:00 ; elapsed = 00:00:00.003 . Memory (MB): peak = 1969.926 ; gain = 0.000
INFO: [Project 1-111] Unisim Transformation Summary:
  A total of 8 instances were transformed.
  IOBUF => IOBUF (IBUF, OBUFT): 1 instance 
  PLLE2_BASE => PLLE2_ADV: 1 instance 
  RAM32M => RAM32M (RAMD32(x6), RAMS32(x2)): 6 instances

Synth Design complete | Checksum: d1b1a6f9
INFO: [Common 17-83] Releasing license: Synthesis
93 Infos, 64 Warnings, 0 Critical Warnings and 0 Errors encountered.
synth_design completed successfully
synth_design: Time (s): cpu = 00:01:25 ; elapsed = 00:01:34 . Memory (MB): peak = 1969.926 ; gain = 1386.055
Write ShapeDB Complete: Time (s): cpu = 00:00:00 ; elapsed = 00:00:00.008 . Memory (MB): peak = 1969.926 ; gain = 0.000
INFO: [Common 17-1381] The checkpoint 'C:/Users/Balazs/Desktop/MSC1/FPGA/homework/HDMI_FIR_Homework.runs/synth_1/hdmi_top.dcp' has been generated.
INFO: [Vivado 12-24828] Executing command : report_utilization -file hdmi_top_utilization_synth.rpt -pb hdmi_top_utilization_synth.pb
INFO: [Common 17-206] Exiting Vivado at Tue Jun  9 15:56:34 2026...
