Vivado Simulator v2025.2
Copyright 1986-2022 Xilinx, Inc. All Rights Reserved.
Copyright 2022-2025 Advanced Micro Devices, Inc. All Rights Reserved.
Running: C:/AMDDesignTools/2025.2/Vivado/bin/unwrapped/win64.o/xelab.exe --incr --debug typical --relax --mt 2 -L xil_defaultlib -L unisims_ver -L unimacro_ver -L secureip --snapshot tb_fir_picture_behav xil_defaultlib.tb_fir_picture xil_defaultlib.glbl -log elaborate.log 
Using 2 slave threads.
Starting static elaboration
Pass Through NonSizing Optimizer
Completed static elaboration
Starting simulation data flow analysis
Completed simulation data flow analysis
Time Resolution for simulation is 1ps
Compiling module xil_defaultlib.dsp
Compiling module xil_defaultlib.rgb2y
Compiling module xil_defaultlib.bram_line_buffer_ram(LINE_WIDTH=...
Compiling module xil_defaultlib.bram_line_buffer(LINE_WIDTH=563,...
Compiling module xil_defaultlib.dsp_25x18_passthrough(A_REG=1,B_...
Compiling module xil_defaultlib.dsp_25x18_passthrough(B_REG=1)
Compiling module xil_defaultlib.fir_row_5_cells
Compiling module xil_defaultlib.FIR_filter_5x5(CTRL_DELAY=8)
Compiling module xil_defaultlib.tb_fir_picture
Compiling module xil_defaultlib.glbl
Built simulation snapshot tb_fir_picture_behav
